Archive member included to satisfy reference by file (symbol)

c:/program files (x86)/atollic/truestudio for stm32 9.2.0/armtools/bin/../lib/gcc/arm-atollic-eabi/6.3.1/../../../../arm-atollic-eabi/lib/armv7e-m/fpu\libc_nano.a(lib_a-errno.o)
                              Src\syscalls.o (__errno)
c:/program files (x86)/atollic/truestudio for stm32 9.2.0/armtools/bin/../lib/gcc/arm-atollic-eabi/6.3.1/../../../../arm-atollic-eabi/lib/armv7e-m/fpu\libc_nano.a(lib_a-impure.o)
                              c:/program files (x86)/atollic/truestudio for stm32 9.2.0/armtools/bin/../lib/gcc/arm-atollic-eabi/6.3.1/../../../../arm-atollic-eabi/lib/armv7e-m/fpu\libc_nano.a(lib_a-errno.o) (_impure_ptr)
c:/program files (x86)/atollic/truestudio for stm32 9.2.0/armtools/bin/../lib/gcc/arm-atollic-eabi/6.3.1/../../../../arm-atollic-eabi/lib/armv7e-m/fpu\libc_nano.a(lib_a-init.o)
                              startup\startup_stm32f407xx.o (__libc_init_array)
c:/program files (x86)/atollic/truestudio for stm32 9.2.0/armtools/bin/../lib/gcc/arm-atollic-eabi/6.3.1/../../../../arm-atollic-eabi/lib/armv7e-m/fpu\libc_nano.a(lib_a-memcpy-stub.o)
                              Middlewares\Third_Party\FreeRTOS\Source\CMSIS_RTOS_V2\cmsis_os2.o (memcpy)
c:/program files (x86)/atollic/truestudio for stm32 9.2.0/armtools/bin/../lib/gcc/arm-atollic-eabi/6.3.1/../../../../arm-atollic-eabi/lib/armv7e-m/fpu\libc_nano.a(lib_a-memset.o)
                              Middlewares\Third_Party\FreeRTOS\Source\stream_buffer.o (memset)
c:/program files (x86)/atollic/truestudio for stm32 9.2.0/armtools/bin/../lib/gcc/arm-atollic-eabi/6.3.1/../../../../arm-atollic-eabi/lib/armv7e-m/fpu\libc_nano.a(lib_a-printf.o)
                              Src\iic_func.o (printf)
c:/program files (x86)/atollic/truestudio for stm32 9.2.0/armtools/bin/../lib/gcc/arm-atollic-eabi/6.3.1/../../../../arm-atollic-eabi/lib/armv7e-m/fpu\libc_nano.a(lib_a-putchar.o)
                              Src\iic_func.o (putchar)
c:/program files (x86)/atollic/truestudio for stm32 9.2.0/armtools/bin/../lib/gcc/arm-atollic-eabi/6.3.1/../../../../arm-atollic-eabi/lib/armv7e-m/fpu\libc_nano.a(lib_a-puts.o)
                              Src\iic_func.o (puts)
c:/program files (x86)/atollic/truestudio for stm32 9.2.0/armtools/bin/../lib/gcc/arm-atollic-eabi/6.3.1/../../../../arm-atollic-eabi/lib/armv7e-m/fpu\libc_nano.a(lib_a-sprintf.o)
                              Src\main.o (sprintf)
c:/program files (x86)/atollic/truestudio for stm32 9.2.0/armtools/bin/../lib/gcc/arm-atollic-eabi/6.3.1/../../../../arm-atollic-eabi/lib/armv7e-m/fpu\libc_nano.a(lib_a-wbuf.o)
                              c:/program files (x86)/atollic/truestudio for stm32 9.2.0/armtools/bin/../lib/gcc/arm-atollic-eabi/6.3.1/../../../../arm-atollic-eabi/lib/armv7e-m/fpu\libc_nano.a(lib_a-puts.o) (__swbuf_r)
c:/program files (x86)/atollic/truestudio for stm32 9.2.0/armtools/bin/../lib/gcc/arm-atollic-eabi/6.3.1/../../../../arm-atollic-eabi/lib/armv7e-m/fpu\libc_nano.a(lib_a-wsetup.o)
                              c:/program files (x86)/atollic/truestudio for stm32 9.2.0/armtools/bin/../lib/gcc/arm-atollic-eabi/6.3.1/../../../../arm-atollic-eabi/lib/armv7e-m/fpu\libc_nano.a(lib_a-puts.o) (__swsetup_r)
c:/program files (x86)/atollic/truestudio for stm32 9.2.0/armtools/bin/../lib/gcc/arm-atollic-eabi/6.3.1/../../../../arm-atollic-eabi/lib/armv7e-m/fpu\libc_nano.a(lib_a-fflush.o)
                              c:/program files (x86)/atollic/truestudio for stm32 9.2.0/armtools/bin/../lib/gcc/arm-atollic-eabi/6.3.1/../../../../arm-atollic-eabi/lib/armv7e-m/fpu\libc_nano.a(lib_a-wbuf.o) (_fflush_r)
c:/program files (x86)/atollic/truestudio for stm32 9.2.0/armtools/bin/../lib/gcc/arm-atollic-eabi/6.3.1/../../../../arm-atollic-eabi/lib/armv7e-m/fpu\libc_nano.a(lib_a-findfp.o)
                              c:/program files (x86)/atollic/truestudio for stm32 9.2.0/armtools/bin/../lib/gcc/arm-atollic-eabi/6.3.1/../../../../arm-atollic-eabi/lib/armv7e-m/fpu\libc_nano.a(lib_a-printf.o) (__sinit)
c:/program files (x86)/atollic/truestudio for stm32 9.2.0/armtools/bin/../lib/gcc/arm-atollic-eabi/6.3.1/../../../../arm-atollic-eabi/lib/armv7e-m/fpu\libc_nano.a(lib_a-fwalk.o)
                              c:/program files (x86)/atollic/truestudio for stm32 9.2.0/armtools/bin/../lib/gcc/arm-atollic-eabi/6.3.1/../../../../arm-atollic-eabi/lib/armv7e-m/fpu\libc_nano.a(lib_a-findfp.o) (_fwalk)
c:/program files (x86)/atollic/truestudio for stm32 9.2.0/armtools/bin/../lib/gcc/arm-atollic-eabi/6.3.1/../../../../arm-atollic-eabi/lib/armv7e-m/fpu\libc_nano.a(lib_a-makebuf.o)
                              c:/program files (x86)/atollic/truestudio for stm32 9.2.0/armtools/bin/../lib/gcc/arm-atollic-eabi/6.3.1/../../../../arm-atollic-eabi/lib/armv7e-m/fpu\libc_nano.a(lib_a-wsetup.o) (__smakebuf_r)
[...]
Memory Configuration

Name             Origin             Length             Attributes
RAM              0x20000000         0x00020000         xrw
CCMRAM           0x10000000         0x00010000         rw
FLASH            0x08000000         0x00080000         xr
*default*        0x00000000         0xffffffff

Linker script and memory map

LOAD c:/program files (x86)/atollic/truestudio for stm32 9.2.0/armtools/bin/../lib/gcc/arm-atollic-eabi/6.3.1/armv7e-m/fpu/crti.o
LOAD c:/program files (x86)/atollic/truestudio for stm32 9.2.0/armtools/bin/../lib/gcc/arm-atollic-eabi/6.3.1/armv7e-m/fpu/crtbegin.o
LOAD Drivers\STM32F4xx_HAL_Driver\Src\stm32f4xx_hal.o
LOAD Drivers\STM32F4xx_HAL_Driver\Src\stm32f4xx_hal_cortex.o
LOAD Drivers\STM32F4xx_HAL_Driver\Src\stm32f4xx_hal_dma.o
LOAD Drivers\STM32F4xx_HAL_Driver\Src\stm32f4xx_hal_dma_ex.o
LOAD Drivers\STM32F4xx_HAL_Driver\Src\stm32f4xx_hal_exti.o
LOAD Drivers\STM32F4xx_HAL_Driver\Src\stm32f4xx_hal_flash.o
LOAD Drivers\STM32F4xx_HAL_Driver\Src\stm32f4xx_hal_flash_ex.o
LOAD Drivers\STM32F4xx_HAL_Driver\Src\stm32f4xx_hal_flash_ramfunc.o
LOAD Drivers\STM32F4xx_HAL_Driver\Src\stm32f4xx_hal_gpio.o
LOAD Drivers\STM32F4xx_HAL_Driver\Src\stm32f4xx_hal_i2c.o
LOAD Drivers\STM32F4xx_HAL_Driver\Src\stm32f4xx_hal_i2c_ex.o
LOAD Drivers\STM32F4xx_HAL_Driver\Src\stm32f4xx_hal_pwr.o
LOAD Drivers\STM32F4xx_HAL_Driver\Src\stm32f4xx_hal_pwr_ex.o
LOAD Drivers\STM32F4xx_HAL_Driver\Src\stm32f4xx_hal_rcc.o
LOAD Drivers\STM32F4xx_HAL_Driver\Src\stm32f4xx_hal_rcc_ex.o
LOAD Drivers\STM32F4xx_HAL_Driver\Src\stm32f4xx_hal_tim.o
LOAD Drivers\STM32F4xx_HAL_Driver\Src\stm32f4xx_hal_tim_ex.o
LOAD Middlewares\Third_Party\FreeRTOS\Source\CMSIS_RTOS_V2\cmsis_os2.o
LOAD Middlewares\Third_Party\FreeRTOS\Source\croutine.o
LOAD Middlewares\Third_Party\FreeRTOS\Source\event_groups.o
LOAD Middlewares\Third_Party\FreeRTOS\Source\list.o
LOAD Middlewares\Third_Party\FreeRTOS\Source\portable\GCC\ARM_CM4F\port.o
LOAD Middlewares\Third_Party\FreeRTOS\Source\portable\MemMang\heap_4.o
LOAD Middlewares\Third_Party\FreeRTOS\Source\queue.o
LOAD Middlewares\Third_Party\FreeRTOS\Source\stream_buffer.o
LOAD Middlewares\Third_Party\FreeRTOS\Source\tasks.o
LOAD Middlewares\Third_Party\FreeRTOS\Source\timers.o
LOAD Src\freertos.o
LOAD Src\iic_func.o
LOAD Src\main.o
LOAD Src\stm32f4xx_hal_msp.o
LOAD Src\stm32f4xx_hal_timebase_tim.o
LOAD Src\stm32f4xx_it.o
LOAD Src\syscalls.o
LOAD Src\system_stm32f4xx.o
LOAD startup\startup_stm32f407xx.o
                0x00000080                malloc_getpagesize_P = 0x80
START GROUP
LOAD c:/program files (x86)/atollic/truestudio for stm32 9.2.0/armtools/bin/../lib/gcc/arm-atollic-eabi/6.3.1/../../../../arm-atollic-eabi/lib/armv7e-m/fpu\libc_nano.a
LOAD c:/program files (x86)/atollic/truestudio for stm32 9.2.0/armtools/bin/../lib/gcc/arm-atollic-eabi/6.3.1/../../../../arm-atollic-eabi/lib/armv7e-m/fpu\libm.a
END GROUP
START GROUP
LOAD c:/program files (x86)/atollic/truestudio for stm32 9.2.0/armtools/bin/../lib/gcc/arm-atollic-eabi/6.3.1/armv7e-m/fpu\libgcc.a
LOAD c:/program files (x86)/atollic/truestudio for stm32 9.2.0/armtools/bin/../lib/gcc/arm-atollic-eabi/6.3.1/../../../../arm-atollic-eabi/lib/armv7e-m/fpu\libc_nano.a
END GROUP
START GROUP
LOAD c:/program files (x86)/atollic/truestudio for stm32 9.2.0/armtools/bin/../lib/gcc/arm-atollic-eabi/6.3.1/armv7e-m/fpu\libgcc.a
LOAD c:/program files (x86)/atollic/truestudio for stm32 9.2.0/armtools/bin/../lib/gcc/arm-atollic-eabi/6.3.1/../../../../arm-atollic-eabi/lib/armv7e-m/fpu\libc_nano.a
LOAD c:/program files (x86)/atollic/truestudio for stm32 9.2.0/armtools/bin/../lib/gcc/arm-atollic-eabi/6.3.1/../../../../arm-atollic-eabi/lib/armv7e-m/fpu\libnosys.a
END GROUP
START GROUP
LOAD c:/program files (x86)/atollic/truestudio for stm32 9.2.0/armtools/bin/../lib/gcc/arm-atollic-eabi/6.3.1/armv7e-m/fpu\libgcc.a
LOAD c:/program files (x86)/atollic/truestudio for stm32 9.2.0/armtools/bin/../lib/gcc/arm-atollic-eabi/6.3.1/../../../../arm-atollic-eabi/lib/armv7e-m/fpu\libc_nano.a
LOAD c:/program files (x86)/atollic/truestudio for stm32 9.2.0/armtools/bin/../lib/gcc/arm-atollic-eabi/6.3.1/../../../../arm-atollic-eabi/lib/armv7e-m/fpu\libnosys.a
END GROUP
LOAD c:/program files (x86)/atollic/truestudio for stm32 9.2.0/armtools/bin/../lib/gcc/arm-atollic-eabi/6.3.1/armv7e-m/fpu/crtend.o
LOAD c:/program files (x86)/atollic/truestudio for stm32 9.2.0/armtools/bin/../lib/gcc/arm-atollic-eabi/6.3.1/armv7e-m/fpu/crtn.o
                0x20020000                _estack = 0x20020000
                0x00004000                _Min_Heap_Size = 0x4000
                0x00008000                _Min_Stack_Size = 0x8000

.isr_vector     0x08000000      0x188
                0x08000000                . = ALIGN (0x4)
 *(.isr_vector)
 .isr_vector    0x08000000      0x188 startup\startup_stm32f407xx.o
                0x08000000                g_pfnVectors
                0x08000188                . = ALIGN (0x4)

.text           0x08000190     0x5c2c
                0x08000190                . = ALIGN (0x4)
 *(.text)
 .text          0x08000190       0x40 c:/program files (x86)/atollic/truestudio for stm32 9.2.0/armtools/bin/../lib/gcc/arm-atollic-eabi/6.3.1/armv7e-m/fpu/crtbegin.o
 .text          0x080001d0       0xa0 c:/program files (x86)/atollic/truestudio for stm32 9.2.0/armtools/bin/../lib/gcc/arm-atollic-eabi/6.3.1/../../../../arm-atollic-eabi/lib/armv7e-m/fpu\libc_nano.a(lib_a-memchr.o)
                0x080001d0                memchr
 .text          0x08000270       0x30 c:/program files (x86)/atollic/truestudio for stm32 9.2.0/armtools/bin/../lib/gcc/arm-atollic-eabi/6.3.1/armv7e-m/fpu\libgcc.a(_aeabi_uldivmod.o)
                0x08000270                __aeabi_uldivmod
 .text          0x080002a0      0x2dc c:/program files (x86)/atollic/truestudio for stm32 9.2.0/armtools/bin/../lib/gcc/arm-atollic-eabi/6.3.1/armv7e-m/fpu\libgcc.a(_udivmoddi4.o)
                0x080002a0                __udivmoddi4
 .text          0x0800057c        0x4 c:/program files (x86)/atollic/truestudio for stm32 9.2.0/armtools/bin/../lib/gcc/arm-atollic-eabi/6.3.1/armv7e-m/fpu\libgcc.a(_dvmd_tls.o)
                0x0800057c                __aeabi_idiv0
                0x0800057c                __aeabi_ldiv0
 *(.text*)
 .text.HAL_Init
                0x08000580       0x34 Drivers\STM32F4xx_HAL_Driver\Src\stm32f4xx_hal.o
                0x08000580                HAL_Init
 .text.HAL_IncTick
                0x080005b4       0x18 Drivers\STM32F4xx_HAL_Driver\Src\stm32f4xx_hal.o
                0x080005b4                HAL_IncTick
 .text.HAL_GetTick
                0x080005cc        0xc Drivers\STM32F4xx_HAL_Driver\Src\stm32f4xx_hal.o
                0x080005cc                HAL_GetTick
 .text.HAL_NVIC_SetPriorityGrouping
                0x080005d8       0x3c Drivers\STM32F4xx_HAL_Driver\Src\stm32f4xx_hal_cortex.o
                0x080005d8                HAL_NVIC_SetPriorityGrouping
 .text.HAL_NVIC_SetPriority
                0x08000614       0x84 Drivers\STM32F4xx_HAL_Driver\Src\stm32f4xx_hal_cortex.o
                0x08000614                HAL_NVIC_SetPriority
 .text.HAL_NVIC_EnableIRQ
                0x08000698       0x28 Drivers\STM32F4xx_HAL_Driver\Src\stm32f4xx_hal_cortex.o
                0x08000698                HAL_NVIC_EnableIRQ
 .text.HAL_DMA_Abort_IT
                0x080006c0       0x24 Drivers\STM32F4xx_HAL_Driver\Src\stm32f4xx_hal_dma.o
                0x080006c0                HAL_DMA_Abort_IT
 .text.HAL_DMA_GetState
                0x080006e4        0x6 Drivers\STM32F4xx_HAL_Driver\Src\stm32f4xx_hal_dma.o
                0x080006e4                HAL_DMA_GetState
 *fill*         0x080006ea        0x2 
 .text.HAL_GPIO_Init
                0x080006ec      0x28c Drivers\STM32F4xx_HAL_Driver\Src\stm32f4xx_hal_gpio.o
                0x080006ec                HAL_GPIO_Init
 .text.HAL_GPIO_ReadPin
                0x08000978       0x24 Drivers\STM32F4xx_HAL_Driver\Src\stm32f4xx_hal_gpio.o
                0x08000978                HAL_GPIO_ReadPin
 .text.HAL_GPIO_WritePin
                0x0800099c       0x34 Drivers\STM32F4xx_HAL_Driver\Src\stm32f4xx_hal_gpio.o
                0x0800099c                HAL_GPIO_WritePin
 .text.I2C_WaitOnFlagUntilTimeout
                0x080009d0       0x64 Drivers\STM32F4xx_HAL_Driver\Src\stm32f4xx_hal_i2c.o
 .text.HAL_I2C_Init
                0x08000a34      0x210 Drivers\STM32F4xx_HAL_Driver\Src\stm32f4xx_hal_i2c.o
                0x08000a34                HAL_I2C_Init
 .text.HAL_I2C_Mem_Write_IT
                0x08000c44       0xe0 Drivers\STM32F4xx_HAL_Driver\Src\stm32f4xx_hal_i2c.o
                0x08000c44                HAL_I2C_Mem_Write_IT
 .text.HAL_I2C_Mem_Read_IT
                0x08000d24       0xf8 Drivers\STM32F4xx_HAL_Driver\Src\stm32f4xx_hal_i2c.o
                0x08000d24                HAL_I2C_Mem_Read_IT
 .text.HAL_I2C_IsDeviceReady
                0x08000e1c      0x150 Drivers\STM32F4xx_HAL_Driver\Src\stm32f4xx_hal_i2c.o
                0x08000e1c                HAL_I2C_IsDeviceReady
 .text.HAL_I2C_Slave_Seq_Transmit_IT
                0x08000f6c       0xb0 Drivers\STM32F4xx_HAL_Driver\Src\stm32f4xx_hal_i2c.o
                0x08000f6c                HAL_I2C_Slave_Seq_Transmit_IT
 .text.HAL_I2C_Slave_Seq_Receive_IT
                0x0800101c       0xb0 Drivers\STM32F4xx_HAL_Driver\Src\stm32f4xx_hal_i2c.o
                0x0800101c                HAL_I2C_Slave_Seq_Receive_IT
 .text.HAL_I2C_EnableListen_IT
                0x080010cc       0x36 Drivers\STM32F4xx_HAL_Driver\Src\stm32f4xx_hal_i2c.o
                0x080010cc                HAL_I2C_EnableListen_IT
 .text.I2C_DMAAbort
                0x08001102       0x76 Drivers\STM32F4xx_HAL_Driver\Src\stm32f4xx_hal_i2c.o
 .text.I2C_ITError
                0x08001178      0x144 Drivers\STM32F4xx_HAL_Driver\Src\stm32f4xx_hal_i2c.o
 .text.HAL_I2C_EV_IRQHandler
                0x080012bc      0x848 Drivers\STM32F4xx_HAL_Driver\Src\stm32f4xx_hal_i2c.o
                0x080012bc                HAL_I2C_EV_IRQHandler
 .text.HAL_I2C_ER_IRQHandler
                0x08001b04      0x12c Drivers\STM32F4xx_HAL_Driver\Src\stm32f4xx_hal_i2c.o
                0x08001b04                HAL_I2C_ER_IRQHandler
 .text.HAL_I2C_GetState
                0x08001c30        0x6 Drivers\STM32F4xx_HAL_Driver\Src\stm32f4xx_hal_i2c.o
                0x08001c30                HAL_I2C_GetState
 *fill*         0x08001c36        0x2 
 .text.HAL_RCC_OscConfig
                0x08001c38      0x3f0 Drivers\STM32F4xx_HAL_Driver\Src\stm32f4xx_hal_rcc.o
                0x08001c38                HAL_RCC_OscConfig
 .text.HAL_RCC_GetSysClockFreq
                0x08002028       0x5c Drivers\STM32F4xx_HAL_Driver\Src\stm32f4xx_hal_rcc.o
                0x08002028                HAL_RCC_GetSysClockFreq
 .text.HAL_RCC_ClockConfig
                0x08002084      0x1e8 Drivers\STM32F4xx_HAL_Driver\Src\stm32f4xx_hal_rcc.o
                0x08002084                HAL_RCC_ClockConfig
 .text.HAL_RCC_GetPCLK1Freq
                0x0800226c       0x20 Drivers\STM32F4xx_HAL_Driver\Src\stm32f4xx_hal_rcc.o
                0x0800226c                HAL_RCC_GetPCLK1Freq
 .text.HAL_RCC_GetPCLK2Freq
                0x0800228c       0x20 Drivers\STM32F4xx_HAL_Driver\Src\stm32f4xx_hal_rcc.o
                0x0800228c                HAL_RCC_GetPCLK2Freq
 .text.HAL_RCC_GetClockConfig
                0x080022ac       0x3c Drivers\STM32F4xx_HAL_Driver\Src\stm32f4xx_hal_rcc.o
                0x080022ac                HAL_RCC_GetClockConfig
 .text.HAL_TIM_Base_MspInit
                0x080022e8        0x2 Drivers\STM32F4xx_HAL_Driver\Src\stm32f4xx_hal_tim.o
                0x080022e8                HAL_TIM_Base_MspInit
 *fill*         0x080022ea        0x2 
 .text.HAL_TIM_Base_Start_IT
                0x080022ec       0xa4 Drivers\STM32F4xx_HAL_Driver\Src\stm32f4xx_hal_tim.o
                0x080022ec                HAL_TIM_Base_Start_IT
 .text.HAL_TIM_OC_DelayElapsedCallback
                0x08002390        0x2 Drivers\STM32F4xx_HAL_Driver\Src\stm32f4xx_hal_tim.o
                0x08002390                HAL_TIM_OC_DelayElapsedCallback
 .text.HAL_TIM_IC_CaptureCallback
                0x08002392        0x2 Drivers\STM32F4xx_HAL_Driver\Src\stm32f4xx_hal_tim.o
                0x08002392                HAL_TIM_IC_CaptureCallback
 .text.HAL_TIM_PWM_PulseFinishedCallback
                0x08002394        0x2 Drivers\STM32F4xx_HAL_Driver\Src\stm32f4xx_hal_tim.o
                0x08002394                HAL_TIM_PWM_PulseFinishedCallback
 .text.HAL_TIM_TriggerCallback
                0x08002396        0x2 Drivers\STM32F4xx_HAL_Driver\Src\stm32f4xx_hal_tim.o
                0x08002396                HAL_TIM_TriggerCallback
 .text.HAL_TIM_IRQHandler
                0x08002398      0x144 Drivers\STM32F4xx_HAL_Driver\Src\stm32f4xx_hal_tim.o
                0x08002398                HAL_TIM_IRQHandler
 .text.TIM_Base_SetConfig
                0x080024dc       0xcc Drivers\STM32F4xx_HAL_Driver\Src\stm32f4xx_hal_tim.o
                0x080024dc                TIM_Base_SetConfig
 .text.HAL_TIM_Base_Init
                0x080025a8      0x100 Drivers\STM32F4xx_HAL_Driver\Src\stm32f4xx_hal_tim.o
                0x080025a8                HAL_TIM_Base_Init
 .text.HAL_TIMEx_CommutCallback
                0x080026a8        0x2 Drivers\STM32F4xx_HAL_Driver\Src\stm32f4xx_hal_tim_ex.o
                0x080026a8                HAL_TIMEx_CommutCallback
 .text.HAL_TIMEx_BreakCallback
                0x080026aa        0x2 Drivers\STM32F4xx_HAL_Driver\Src\stm32f4xx_hal_tim_ex.o
                0x080026aa                HAL_TIMEx_BreakCallback
 .text.osKernelInitialize
                0x080026ac       0x38 Middlewares\Third_Party\FreeRTOS\Source\CMSIS_RTOS_V2\cmsis_os2.o
                0x080026ac                osKernelInitialize
 .text.osKernelStart
                0x080026e4       0x40 Middlewares\Third_Party\FreeRTOS\Source\CMSIS_RTOS_V2\cmsis_os2.o
                0x080026e4                osKernelStart
 .text.osThreadNew
                0x08002724       0xc4 Middlewares\Third_Party\FreeRTOS\Source\CMSIS_RTOS_V2\cmsis_os2.o
                0x08002724                osThreadNew
 .text.vApplicationGetIdleTaskMemory
                0x080027e8       0x18 Middlewares\Third_Party\FreeRTOS\Source\CMSIS_RTOS_V2\cmsis_os2.o
                0x080027e8                vApplicationGetIdleTaskMemory
 .text.vApplicationGetTimerTaskMemory
                0x08002800       0x18 Middlewares\Third_Party\FreeRTOS\Source\CMSIS_RTOS_V2\cmsis_os2.o
                0x08002800                vApplicationGetTimerTaskMemory
 .text.vListInitialise
                0x08002818       0x16 Middlewares\Third_Party\FreeRTOS\Source\list.o
                0x08002818                vListInitialise
 .text.vListInitialiseItem
                0x0800282e        0x6 Middlewares\Third_Party\FreeRTOS\Source\list.o
                0x0800282e                vListInitialiseItem
 .text.vListInsertEnd
                0x08002834       0x18 Middlewares\Third_Party\FreeRTOS\Source\list.o
                0x08002834                vListInsertEnd
 .text.vListInsert
                0x0800284c       0x2e Middlewares\Third_Party\FreeRTOS\Source\list.o
                0x0800284c                vListInsert
 .text.uxListRemove
                0x0800287a       0x22 Middlewares\Third_Party\FreeRTOS\Source\list.o
                0x0800287a                uxListRemove
 .text.prvTaskExitError
                0x0800289c       0x40 Middlewares\Third_Party\FreeRTOS\Source\portable\GCC\ARM_CM4F\port.o
 .text.unlikely.prvPortStartFirstTask
                0x080028dc       0x28 Middlewares\Third_Party\FreeRTOS\Source\portable\GCC\ARM_CM4F\port.o
 .text.unlikely.vPortEnableVFP
                0x08002904       0x14 Middlewares\Third_Party\FreeRTOS\Source\portable\GCC\ARM_CM4F\port.o
 .text.pxPortInitialiseStack
                0x08002918       0x2c Middlewares\Third_Party\FreeRTOS\Source\portable\GCC\ARM_CM4F\port.o
                0x08002918                pxPortInitialiseStack
 *fill*         0x08002944        0xc 
 .text.SVC_Handler
                0x08002950       0x24 Middlewares\Third_Party\FreeRTOS\Source\portable\GCC\ARM_CM4F\port.o
                0x08002950                SVC_Handler
 .text.vPortEnterCritical
                0x08002974       0x44 Middlewares\Third_Party\FreeRTOS\Source\portable\GCC\ARM_CM4F\port.o
                0x08002974                vPortEnterCritical
 .text.vPortExitCritical
                0x080029b8       0x28 Middlewares\Third_Party\FreeRTOS\Source\portable\GCC\ARM_CM4F\port.o
                0x080029b8                vPortExitCritical
 .text.PendSV_Handler
                0x080029e0       0x64 Middlewares\Third_Party\FreeRTOS\Source\portable\GCC\ARM_CM4F\port.o
                0x080029e0                PendSV_Handler
 .text.SysTick_Handler
                0x08002a44       0x2c Middlewares\Third_Party\FreeRTOS\Source\portable\GCC\ARM_CM4F\port.o
                0x08002a44                SysTick_Handler
 .text.vPortSetupTimerInterrupt
                0x08002a70       0x34 Middlewares\Third_Party\FreeRTOS\Source\portable\GCC\ARM_CM4F\port.o
                0x08002a70                vPortSetupTimerInterrupt
 .text.xPortStartScheduler
                0x08002aa4      0x10c Middlewares\Third_Party\FreeRTOS\Source\portable\GCC\ARM_CM4F\port.o
                0x08002aa4                xPortStartScheduler
 .text.vPortValidateInterruptPriority
                0x08002bb0       0x5c Middlewares\Third_Party\FreeRTOS\Source\portable\GCC\ARM_CM4F\port.o
                0x08002bb0                vPortValidateInterruptPriority
 .text.unlikely.prvInsertBlockIntoFreeList
                0x08002c0c       0x48 Middlewares\Third_Party\FreeRTOS\Source\portable\MemMang\heap_4.o
 .text.pvPortMalloc
                0x08002c54      0x11c Middlewares\Third_Party\FreeRTOS\Source\portable\MemMang\heap_4.o
                0x08002c54                pvPortMalloc
 .text.vPortFree
                0x08002d70       0x70 Middlewares\Third_Party\FreeRTOS\Source\portable\MemMang\heap_4.o
                0x08002d70                vPortFree
 .text.prvIsQueueEmpty
                0x08002de0       0x16 Middlewares\Third_Party\FreeRTOS\Source\queue.o
 .text.unlikely.prvCopyDataToQueue
                0x08002df6       0x66 Middlewares\Third_Party\FreeRTOS\Source\queue.o
 .text.unlikely.prvCopyDataFromQueue
                0x08002e5c       0x2a Middlewares\Third_Party\FreeRTOS\Source\queue.o
 .text.prvUnlockQueue
                0x08002e86       0x70 Middlewares\Third_Party\FreeRTOS\Source\queue.o
 *fill*         0x08002ef6        0x2 
 .text.xQueueGenericReset
                0x08002ef8       0x80 Middlewares\Third_Party\FreeRTOS\Source\queue.o
                0x08002ef8                xQueueGenericReset
 .text.xQueueGenericCreateStatic
                0x08002f78       0x92 Middlewares\Third_Party\FreeRTOS\Source\queue.o
                0x08002f78                xQueueGenericCreateStatic
 *fill*         0x0800300a        0x2 
 .text.xQueueGenericSend
                0x0800300c      0x16c Middlewares\Third_Party\FreeRTOS\Source\queue.o
                0x0800300c                xQueueGenericSend
 .text.xQueueGenericSendFromISR
                0x08003178       0xc4 Middlewares\Third_Party\FreeRTOS\Source\queue.o
                0x08003178                xQueueGenericSendFromISR
 .text.xQueueReceive
                0x0800323c      0x148 Middlewares\Third_Party\FreeRTOS\Source\queue.o
                0x0800323c                xQueueReceive
 .text.vQueueAddToRegistry
                0x08003384       0x24 Middlewares\Third_Party\FreeRTOS\Source\queue.o
                0x08003384                vQueueAddToRegistry
 .text.vQueueWaitForMessageRestricted
                0x080033a8       0x46 Middlewares\Third_Party\FreeRTOS\Source\queue.o
                0x080033a8                vQueueWaitForMessageRestricted
 *fill*         0x080033ee        0x2 
 .text.prvAddNewTaskToReadyList
                0x080033f0       0xf8 Middlewares\Third_Party\FreeRTOS\Source\tasks.o
 .text.prvResetNextTaskUnblockTime
                0x080034e8       0x24 Middlewares\Third_Party\FreeRTOS\Source\tasks.o
 .text.prvInitialiseNewTask.isra.2
                0x0800350c       0x82 Middlewares\Third_Party\FreeRTOS\Source\tasks.o
 .text.prvDeleteTCB
                0x0800358e       0x36 Middlewares\Third_Party\FreeRTOS\Source\tasks.o
 .text.prvIdleTask
                0x080035c4       0x64 Middlewares\Third_Party\FreeRTOS\Source\tasks.o
 .text.prvAddCurrentTaskToDelayedList
                0x08003628       0x74 Middlewares\Third_Party\FreeRTOS\Source\tasks.o
 .text.xTaskCreateStatic
                0x0800369c       0x6e Middlewares\Third_Party\FreeRTOS\Source\tasks.o
                0x0800369c                xTaskCreateStatic
 .text.xTaskCreate
                0x0800370a       0x5a Middlewares\Third_Party\FreeRTOS\Source\tasks.o
                0x0800370a                xTaskCreate
 .text.vTaskStartScheduler
                0x08003764       0x88 Middlewares\Third_Party\FreeRTOS\Source\tasks.o
                0x08003764                vTaskStartScheduler
 .text.vTaskSuspendAll
                0x080037ec       0x10 Middlewares\Third_Party\FreeRTOS\Source\tasks.o
                0x080037ec                vTaskSuspendAll
 .text.xTaskGetTickCount
                0x080037fc        0xc Middlewares\Third_Party\FreeRTOS\Source\tasks.o
                0x080037fc                xTaskGetTickCount
 .text.xTaskIncrementTick
                0x08003808      0x120 Middlewares\Third_Party\FreeRTOS\Source\tasks.o
                0x08003808                xTaskIncrementTick
 .text.xTaskResumeAll
                0x08003928       0xe8 Middlewares\Third_Party\FreeRTOS\Source\tasks.o
                0x08003928                xTaskResumeAll
 .text.vTaskDelay
                0x08003a10       0x48 Middlewares\Third_Party\FreeRTOS\Source\tasks.o
                0x08003a10                vTaskDelay
 .text.vTaskSwitchContext
                0x08003a58       0x78 Middlewares\Third_Party\FreeRTOS\Source\tasks.o
                0x08003a58                vTaskSwitchContext
 .text.vTaskPlaceOnEventList
                0x08003ad0       0x34 Middlewares\Third_Party\FreeRTOS\Source\tasks.o
                0x08003ad0                vTaskPlaceOnEventList
 .text.vTaskPlaceOnEventListRestricted
                0x08003b04       0x3c Middlewares\Third_Party\FreeRTOS\Source\tasks.o
                0x08003b04                vTaskPlaceOnEventListRestricted
 .text.xTaskRemoveFromEventList
                0x08003b40       0x80 Middlewares\Third_Party\FreeRTOS\Source\tasks.o
                0x08003b40                xTaskRemoveFromEventList
 .text.vTaskInternalSetTimeOutState
                0x08003bc0       0x18 Middlewares\Third_Party\FreeRTOS\Source\tasks.o
                0x08003bc0                vTaskInternalSetTimeOutState
 .text.xTaskCheckForTimeOut
                0x08003bd8       0x78 Middlewares\Third_Party\FreeRTOS\Source\tasks.o
                0x08003bd8                xTaskCheckForTimeOut
 .text.vTaskMissedYield
                0x08003c50        0xc Middlewares\Third_Party\FreeRTOS\Source\tasks.o
                0x08003c50                vTaskMissedYield
 .text.xTaskGetSchedulerState
                0x08003c5c       0x20 Middlewares\Third_Party\FreeRTOS\Source\tasks.o
                0x08003c5c                xTaskGetSchedulerState
 .text.xTaskPriorityDisinherit
                0x08003c7c       0x84 Middlewares\Third_Party\FreeRTOS\Source\tasks.o
                0x08003c7c                xTaskPriorityDisinherit
 .text.prvCheckForValidListAndQueue
                0x08003d00       0x68 Middlewares\Third_Party\FreeRTOS\Source\timers.o
 .text.prvInsertTimerInActiveList
                0x08003d68       0x3c Middlewares\Third_Party\FreeRTOS\Source\timers.o
 .text.xTimerCreateTimerTask
                0x08003da4       0x68 Middlewares\Third_Party\FreeRTOS\Source\timers.o
                0x08003da4                xTimerCreateTimerTask
 .text.xTimerGenericCommand
                0x08003e0c       0x58 Middlewares\Third_Party\FreeRTOS\Source\timers.o
                0x08003e0c                xTimerGenericCommand
 .text.prvSwitchTimerLists
                0x08003e64       0x7c Middlewares\Third_Party\FreeRTOS\Source\timers.o
 .text.prvTimerTask
                0x08003ee0      0x1d4 Middlewares\Third_Party\FreeRTOS\Source\timers.o
 .text.StartDefaultTask
                0x080040b4      0x1dc Src\main.o
                0x080040b4                StartDefaultTask
 .text.StartTask02
                0x08004290       0xc0 Src\main.o
                0x08004290                StartTask02
 .text.HAL_I2C_MasterTxCpltCallback
                0x08004350       0x60 Src\main.o
                0x08004350                HAL_I2C_MasterTxCpltCallback
 .text.HAL_I2C_MemTxCpltCallback
                0x080043b0       0x28 Src\main.o
                0x080043b0                HAL_I2C_MemTxCpltCallback
 .text.HAL_I2C_MasterRxCpltCallback
                0x080043d8        0x2 Src\main.o
                0x080043d8                HAL_I2C_MasterRxCpltCallback
 *fill*         0x080043da        0x2 
 .text.HAL_I2C_MemRxCpltCallback
                0x080043dc       0x2c Src\main.o
                0x080043dc                HAL_I2C_MemRxCpltCallback
 .text.HAL_I2C_AddrCallback
                0x08004408       0x20 Src\main.o
                0x08004408                HAL_I2C_AddrCallback
 .text.HAL_I2C_ListenCpltCallback
                0x08004428        0x2 Src\main.o
                0x08004428                HAL_I2C_ListenCpltCallback
 *fill*         0x0800442a        0x2 
 .text.HAL_I2C_AbortCpltCallback
                0x0800442c        0xc Src\main.o
                0x0800442c                HAL_I2C_AbortCpltCallback
 .text.HAL_I2C_SlaveRxCpltCallback
                0x08004438        0x2 Src\main.o
                0x08004438                HAL_I2C_SlaveRxCpltCallback
 .text.HAL_I2C_SlaveTxCpltCallback
                0x0800443a        0x2 Src\main.o
                0x0800443a                HAL_I2C_SlaveTxCpltCallback
 .text.HAL_I2C_ErrorCallback
                0x0800443c       0x38 Src\main.o
                0x0800443c                HAL_I2C_ErrorCallback
 .text.HAL_TIM_PeriodElapsedCallback
                0x08004474       0x14 Src\main.o
                0x08004474                HAL_TIM_PeriodElapsedCallback
 .text.Error_Handler
                0x08004488        0xc Src\main.o
                0x08004488                Error_Handler
 .text.SystemClock_Config
                0x08004494       0xa4 Src\main.o
                0x08004494                SystemClock_Config
 .text.startup.main
                0x08004538      0x1bc Src\main.o
                0x08004538                main
 .text.assert_failed
                0x080046f4       0x10 Src\main.o
                0x080046f4                assert_failed
 .text.HAL_MspInit
                0x08004704       0x44 Src\stm32f4xx_hal_msp.o
                0x08004704                HAL_MspInit
 .text.HAL_I2C_MspInit
                0x08004748      0x118 Src\stm32f4xx_hal_msp.o
                0x08004748                HAL_I2C_MspInit
 .text.HAL_InitTick
                0x08004860       0x7c Src\stm32f4xx_hal_timebase_tim.o
                0x08004860                HAL_InitTick
 .text.NMI_Handler
                0x080048dc        0x2 Src\stm32f4xx_it.o
                0x080048dc                NMI_Handler
 .text.HardFault_Handler
                0x080048de        0x2 Src\stm32f4xx_it.o
                0x080048de                HardFault_Handler
 .text.MemManage_Handler
                0x080048e0        0x2 Src\stm32f4xx_it.o
                0x080048e0                MemManage_Handler
 .text.BusFault_Handler
                0x080048e2        0x2 Src\stm32f4xx_it.o
                0x080048e2                BusFault_Handler
 .text.UsageFault_Handler
                0x080048e4        0x2 Src\stm32f4xx_it.o
                0x080048e4                UsageFault_Handler
 .text.DebugMon_Handler
                0x080048e6        0x2 Src\stm32f4xx_it.o
                0x080048e6                DebugMon_Handler
 .text.TIM1_BRK_TIM9_IRQHandler
                0x080048e8        0xc Src\stm32f4xx_it.o
                0x080048e8                TIM1_BRK_TIM9_IRQHandler
 .text.I2C1_EV_IRQHandler
                0x080048f4        0xc Src\stm32f4xx_it.o
                0x080048f4                I2C1_EV_IRQHandler
 .text.I2C1_ER_IRQHandler
                0x08004900        0xc Src\stm32f4xx_it.o
                0x08004900                I2C1_ER_IRQHandler
 .text.I2C2_EV_IRQHandler
                0x0800490c        0xc Src\stm32f4xx_it.o
                0x0800490c                I2C2_EV_IRQHandler
 .text.I2C2_ER_IRQHandler
                0x08004918        0xc Src\stm32f4xx_it.o
                0x08004918                I2C2_ER_IRQHandler
 .text._read    0x08004924       0x1c Src\syscalls.o
                0x08004924                _read
 .text._write   0x08004940       0x32 Src\syscalls.o
                0x08004940                _write
 *fill*         0x08004972        0x2 
 .text._sbrk    0x08004974       0x34 Src\syscalls.o
                0x08004974                _sbrk
 .text._close   0x080049a8        0x6 Src\syscalls.o
                0x080049a8                _close
 .text._fstat   0x080049ae        0xa Src\syscalls.o
                0x080049ae                _fstat
 .text._isatty  0x080049b8        0x4 Src\syscalls.o
                0x080049b8                _isatty
 .text._lseek   0x080049bc        0x4 Src\syscalls.o
                0x080049bc                _lseek
 .text.SystemInit
                0x080049c0       0x4c Src\system_stm32f4xx.o
                0x080049c0                SystemInit
 .text.Reset_Handler
                0x08004a0c       0x50 startup\startup_stm32f407xx.o
                0x08004a0c                Reset_Handler
 .text.Default_Handler
                0x08004a5c        0x2 startup\startup_stm32f407xx.o
                0x08004a5c                RTC_Alarm_IRQHandler
                0x08004a5c                HASH_RNG_IRQHandler
                0x08004a5c                EXTI2_IRQHandler
                0x08004a5c                TIM8_CC_IRQHandler
                0x08004a5c                TIM1_CC_IRQHandler
                0x08004a5c                DMA2_Stream5_IRQHandler
                0x08004a5c                DMA1_Stream5_IRQHandler
                0x08004a5c                PVD_IRQHandler
                0x08004a5c                SDIO_IRQHandler
                0x08004a5c                TAMP_STAMP_IRQHandler
                0x08004a5c                CAN2_RX1_IRQHandler
                0x08004a5c                EXTI3_IRQHandler
                0x08004a5c                TIM8_TRG_COM_TIM14_IRQHandler
                0x08004a5c                TIM1_UP_TIM10_IRQHandler
                0x08004a5c                TIM8_UP_TIM13_IRQHandler
                0x08004a5c                I2C3_ER_IRQHandler
                0x08004a5c                EXTI0_IRQHandler
                0x08004a5c                DMA1_Stream2_IRQHandler
                0x08004a5c                CAN1_RX0_IRQHandler
                0x08004a5c                FPU_IRQHandler
                0x08004a5c                OTG_HS_WKUP_IRQHandler
                0x08004a5c                CAN2_SCE_IRQHandler
                0x08004a5c                DMA2_Stream2_IRQHandler
                0x08004a5c                SPI1_IRQHandler
                0x08004a5c                TIM6_DAC_IRQHandler
                0x08004a5c                DCMI_IRQHandler
                0x08004a5c                CAN2_RX0_IRQHandler
                0x08004a5c                DMA2_Stream3_IRQHandler
                0x08004a5c                USART6_IRQHandler
                0x08004a5c                USART3_IRQHandler
                0x08004a5c                CAN1_RX1_IRQHandler
                0x08004a5c                UART5_IRQHandler
                0x08004a5c                DMA2_Stream0_IRQHandler
                0x08004a5c                TIM4_IRQHandler
                0x08004a5c                DMA1_Stream6_IRQHandler
                0x08004a5c                DMA1_Stream1_IRQHandler
                0x08004a5c                UART4_IRQHandler
                0x08004a5c                TIM3_IRQHandler
                0x08004a5c                RCC_IRQHandler
                0x08004a5c                TIM8_BRK_TIM12_IRQHandler
                0x08004a5c                Default_Handler
                0x08004a5c                EXTI15_10_IRQHandler
                0x08004a5c                ADC_IRQHandler
                0x08004a5c                DMA1_Stream7_IRQHandler
                0x08004a5c                TIM7_IRQHandler
                0x08004a5c                CAN2_TX_IRQHandler
                0x08004a5c                TIM5_IRQHandler
                0x08004a5c                DMA2_Stream7_IRQHandler
                0x08004a5c                I2C3_EV_IRQHandler
                0x08004a5c                EXTI9_5_IRQHandler
                0x08004a5c                RTC_WKUP_IRQHandler
                0x08004a5c                ETH_WKUP_IRQHandler
                0x08004a5c                SPI2_IRQHandler
                0x08004a5c                OTG_HS_EP1_IN_IRQHandler
                0x08004a5c                DMA1_Stream0_IRQHandler
                0x08004a5c                CAN1_TX_IRQHandler
                0x08004a5c                EXTI4_IRQHandler
                0x08004a5c                FSMC_IRQHandler
                0x08004a5c                ETH_IRQHandler
                0x08004a5c                OTG_HS_EP1_OUT_IRQHandler
                0x08004a5c                WWDG_IRQHandler
                0x08004a5c                TIM2_IRQHandler
                0x08004a5c                OTG_FS_WKUP_IRQHandler
                0x08004a5c                TIM1_TRG_COM_TIM11_IRQHandler
                0x08004a5c                OTG_HS_IRQHandler
                0x08004a5c                EXTI1_IRQHandler
                0x08004a5c                USART2_IRQHandler
                0x08004a5c                DMA2_Stream1_IRQHandler
                0x08004a5c                CAN1_SCE_IRQHandler
                0x08004a5c                FLASH_IRQHandler
                0x08004a5c                DMA2_Stream4_IRQHandler
                0x08004a5c                USART1_IRQHandler
                0x08004a5c                OTG_FS_IRQHandler
                0x08004a5c                SPI3_IRQHandler
                0x08004a5c                DMA1_Stream4_IRQHandler
                0x08004a5c                DMA2_Stream6_IRQHandler
                0x08004a5c                DMA1_Stream3_IRQHandler
 *fill*         0x08004a5e        0x2 
 .text.__errno  0x08004a60        0xc c:/program files (x86)/atollic/truestudio for stm32 9.2.0/armtools/bin/../lib/gcc/arm-atollic-eabi/6.3.1/../../../../arm-atollic-eabi/lib/armv7e-m/fpu\libc_nano.a(lib_a-errno.o)
                0x08004a60                __errno
 .text.__libc_init_array
                0x08004a6c       0x48 c:/program files (x86)/atollic/truestudio for stm32 9.2.0/armtools/bin/../lib/gcc/arm-atollic-eabi/6.3.1/../../../../arm-atollic-eabi/lib/armv7e-m/fpu\libc_nano.a(lib_a-init.o)
                0x08004a6c                __libc_init_array
 .text.memcpy   0x08004ab4       0x16 c:/program files (x86)/atollic/truestudio for stm32 9.2.0/armtools/bin/../lib/gcc/arm-atollic-eabi/6.3.1/../../../../arm-atollic-eabi/lib/armv7e-m/fpu\libc_nano.a(lib_a-memcpy-stub.o)
                0x08004ab4                memcpy
 .text.memset   0x08004aca       0x10 c:/program files (x86)/atollic/truestudio for stm32 9.2.0/armtools/bin/../lib/gcc/arm-atollic-eabi/6.3.1/../../../../arm-atollic-eabi/lib/armv7e-m/fpu\libc_nano.a(lib_a-memset.o)
                0x08004aca                memset
 *fill*         0x08004ada        0x2 
 .text.printf   0x08004adc       0x30 c:/program files (x86)/atollic/truestudio for stm32 9.2.0/armtools/bin/../lib/gcc/arm-atollic-eabi/6.3.1/../../../../arm-atollic-eabi/lib/armv7e-m/fpu\libc_nano.a(lib_a-printf.o)
                0x08004adc                iprintf
                0x08004adc                printf
 .text.putchar  0x08004b0c       0x28 c:/program files (x86)/atollic/truestudio for stm32 9.2.0/armtools/bin/../lib/gcc/arm-atollic-eabi/6.3.1/../../../../arm-atollic-eabi/lib/armv7e-m/fpu\libc_nano.a(lib_a-putchar.o)
                0x08004b0c                putchar
 .text._puts_r  0x08004b34       0xb8 c:/program files (x86)/atollic/truestudio for stm32 9.2.0/armtools/bin/../lib/gcc/arm-atollic-eabi/6.3.1/../../../../arm-atollic-eabi/lib/armv7e-m/fpu\libc_nano.a(lib_a-puts.o)
                0x08004b34                _puts_r
 .text.puts     0x08004bec       0x10 c:/program files (x86)/atollic/truestudio for stm32 9.2.0/armtools/bin/../lib/gcc/arm-atollic-eabi/6.3.1/../../../../arm-atollic-eabi/lib/armv7e-m/fpu\libc_nano.a(lib_a-puts.o)
                0x08004bec                puts
 .text.sprintf  0x08004bfc       0x48 c:/program files (x86)/atollic/truestudio for stm32 9.2.0/armtools/bin/../lib/gcc/arm-atollic-eabi/6.3.1/../../../../arm-atollic-eabi/lib/armv7e-m/fpu\libc_nano.a(lib_a-sprintf.o)
                0x08004bfc                siprintf
                0x08004bfc                sprintf
 .text.__swbuf_r
                0x08004c44       0xa4 c:/program files (x86)/atollic/truestudio for stm32 9.2.0/armtools/bin/../lib/gcc/arm-atollic-eabi/6.3.1/../../../../arm-atollic-eabi/lib/armv7e-m/fpu\libc_nano.a(lib_a-wbuf.o)
                0x08004c44                __swbuf_r
 .text.__swsetup_r
                0x08004ce8       0xdc c:/program files (x86)/atollic/truestudio for stm32 9.2.0/armtools/bin/../lib/gcc/arm-atollic-eabi/6.3.1/../../../../arm-atollic-eabi/lib/armv7e-m/fpu\libc_nano.a(lib_a-wsetup.o)
                0x08004ce8                __swsetup_r
 .text.__sflush_r
                0x08004dc4      0x110 c:/program files (x86)/atollic/truestudio for stm32 9.2.0/armtools/bin/../lib/gcc/arm-atollic-eabi/6.3.1/../../../../arm-atollic-eabi/lib/armv7e-m/fpu\libc_nano.a(lib_a-fflush.o)
                0x08004dc4                __sflush_r
 .text._fflush_r
                0x08004ed4       0x54 c:/program files (x86)/atollic/truestudio for stm32 9.2.0/armtools/bin/../lib/gcc/arm-atollic-eabi/6.3.1/../../../../arm-atollic-eabi/lib/armv7e-m/fpu\libc_nano.a(lib_a-fflush.o)
                0x08004ed4                _fflush_r
 .text._cleanup_r
                0x08004f28        0xc c:/program files (x86)/atollic/truestudio for stm32 9.2.0/armtools/bin/../lib/gcc/arm-atollic-eabi/6.3.1/../../../../arm-atollic-eabi/lib/armv7e-m/fpu\libc_nano.a(lib_a-findfp.o)
                0x08004f28                _cleanup_r
 .text.std.isra.0
                0x08004f34       0x48 c:/program files (x86)/atollic/truestudio for stm32 9.2.0/armtools/bin/../lib/gcc/arm-atollic-eabi/6.3.1/../../../../arm-atollic-eabi/lib/armv7e-m/fpu\libc_nano.a(lib_a-findfp.o)
 .text.__sfmoreglue
                0x08004f7c       0x2c c:/program files (x86)/atollic/truestudio for stm32 9.2.0/armtools/bin/../lib/gcc/arm-atollic-eabi/6.3.1/../../../../arm-atollic-eabi/lib/armv7e-m/fpu\libc_nano.a(lib_a-findfp.o)
                0x08004f7c                __sfmoreglue
 .text.__sinit  0x08004fa8       0x60 c:/program files (x86)/atollic/truestudio for stm32 9.2.0/armtools/bin/../lib/gcc/arm-atollic-eabi/6.3.1/../../../../arm-atollic-eabi/lib/armv7e-m/fpu\libc_nano.a(lib_a-findfp.o)
                0x08004fa8                __sinit
 .text.__sfp    0x08005008       0x78 c:/program files (x86)/atollic/truestudio for stm32 9.2.0/armtools/bin/../lib/gcc/arm-atollic-eabi/6.3.1/../../../../arm-atollic-eabi/lib/armv7e-m/fpu\libc_nano.a(lib_a-findfp.o)
                0x08005008                __sfp
 .text._fwalk_reent
                0x08005080       0x3c c:/program files (x86)/atollic/truestudio for stm32 9.2.0/armtools/bin/../lib/gcc/arm-atollic-eabi/6.3.1/../../../../arm-atollic-eabi/lib/armv7e-m/fpu\libc_nano.a(lib_a-fwalk.o)
                0x08005080                _fwalk_reent
 .text.__swhatbuf_r
                0x080050bc       0x48 c:/program files (x86)/atollic/truestudio for stm32 9.2.0/armtools/bin/../lib/gcc/arm-atollic-eabi/6.3.1/../../../../arm-atollic-eabi/lib/armv7e-m/fpu\libc_nano.a(lib_a-makebuf.o)
                0x080050bc                __swhatbuf_r
 .text.__smakebuf_r
                0x08005104       0x80 c:/program files (x86)/atollic/truestudio for stm32 9.2.0/armtools/bin/../lib/gcc/arm-atollic-eabi/6.3.1/../../../../arm-atollic-eabi/lib/armv7e-m/fpu\libc_nano.a(lib_a-makebuf.o)
                0x08005104                __smakebuf_r
 .text._free_r  0x08005184       0x9c c:/program files (x86)/atollic/truestudio for stm32 9.2.0/armtools/bin/../lib/gcc/arm-atollic-eabi/6.3.1/../../../../arm-atollic-eabi/lib/armv7e-m/fpu\libc_nano.a(lib_a-nano-freer.o)
                0x08005184                _free_r
 .text._malloc_r
                0x08005220       0xbc c:/program files (x86)/atollic/truestudio for stm32 9.2.0/armtools/bin/../lib/gcc/arm-atollic-eabi/6.3.1/../../../../arm-atollic-eabi/lib/armv7e-m/fpu\libc_nano.a(lib_a-nano-mallocr.o)
                0x08005220                _malloc_r
 .text.__ssputs_r
                0x080052dc       0xb6 c:/program files (x86)/atollic/truestudio for stm32 9.2.0/armtools/bin/../lib/gcc/arm-atollic-eabi/6.3.1/../../../../arm-atollic-eabi/lib/armv7e-m/fpu\libc_nano.a(lib_a-nano-svfprintf.o)
                0x080052dc                __ssputs_r
 *fill*         0x08005392        0x2 
 .text._svfprintf_r
                0x08005394      0x1e8 c:/program files (x86)/atollic/truestudio for stm32 9.2.0/armtools/bin/../lib/gcc/arm-atollic-eabi/6.3.1/../../../../arm-atollic-eabi/lib/armv7e-m/fpu\libc_nano.a(lib_a-nano-svfprintf.o)
                0x08005394                _svfiprintf_r
                0x08005394                _svfprintf_r
 .text.__sfputc_r
                0x0800557c       0x30 c:/program files (x86)/atollic/truestudio for stm32 9.2.0/armtools/bin/../lib/gcc/arm-atollic-eabi/6.3.1/../../../../arm-atollic-eabi/lib/armv7e-m/fpu\libc_nano.a(lib_a-nano-vfprintf.o)
 .text.__sfputs_r
                0x080055ac       0x24 c:/program files (x86)/atollic/truestudio for stm32 9.2.0/armtools/bin/../lib/gcc/arm-atollic-eabi/6.3.1/../../../../arm-atollic-eabi/lib/armv7e-m/fpu\libc_nano.a(lib_a-nano-vfprintf.o)
                0x080055ac                __sfputs_r
 .text._vfprintf_r
                0x080055d0      0x22c c:/program files (x86)/atollic/truestudio for stm32 9.2.0/armtools/bin/../lib/gcc/arm-atollic-eabi/6.3.1/../../../../arm-atollic-eabi/lib/armv7e-m/fpu\libc_nano.a(lib_a-nano-vfprintf.o)
                0x080055d0                _vfprintf_r
                0x080055d0                _vfiprintf_r
 .text._printf_common
                0x080057fc       0xec c:/program files (x86)/atollic/truestudio for stm32 9.2.0/armtools/bin/../lib/gcc/arm-atollic-eabi/6.3.1/../../../../arm-atollic-eabi/lib/armv7e-m/fpu\libc_nano.a(lib_a-nano-vfprintf_i.o)
                0x080057fc                _printf_common
 .text._printf_i
                0x080058e8      0x240 c:/program files (x86)/atollic/truestudio for stm32 9.2.0/armtools/bin/../lib/gcc/arm-atollic-eabi/6.3.1/../../../../arm-atollic-eabi/lib/armv7e-m/fpu\libc_nano.a(lib_a-nano-vfprintf_i.o)
                0x080058e8                _printf_i
 .text._putc_r  0x08005b28       0x6c c:/program files (x86)/atollic/truestudio for stm32 9.2.0/armtools/bin/../lib/gcc/arm-atollic-eabi/6.3.1/../../../../arm-atollic-eabi/lib/armv7e-m/fpu\libc_nano.a(lib_a-putc.o)
                0x08005b28                _putc_r
 .text._sbrk_r  0x08005b94       0x20 c:/program files (x86)/atollic/truestudio for stm32 9.2.0/armtools/bin/../lib/gcc/arm-atollic-eabi/6.3.1/../../../../arm-atollic-eabi/lib/armv7e-m/fpu\libc_nano.a(lib_a-sbrkr.o)
                0x08005b94                _sbrk_r
 .text.__sread  0x08005bb4       0x22 c:/program files (x86)/atollic/truestudio for stm32 9.2.0/armtools/bin/../lib/gcc/arm-atollic-eabi/6.3.1/../../../../arm-atollic-eabi/lib/armv7e-m/fpu\libc_nano.a(lib_a-stdio.o)
                0x08005bb4                __sread
 .text.__swrite
                0x08005bd6       0x38 c:/program files (x86)/atollic/truestudio for stm32 9.2.0/armtools/bin/../lib/gcc/arm-atollic-eabi/6.3.1/../../../../arm-atollic-eabi/lib/armv7e-m/fpu\libc_nano.a(lib_a-stdio.o)
                0x08005bd6                __swrite
 .text.__sseek  0x08005c0e       0x24 c:/program files (x86)/atollic/truestudio for stm32 9.2.0/armtools/bin/../lib/gcc/arm-atollic-eabi/6.3.1/../../../../arm-atollic-eabi/lib/armv7e-m/fpu\libc_nano.a(lib_a-stdio.o)
                0x08005c0e                __sseek
 .text.__sclose
                0x08005c32        0x8 c:/program files (x86)/atollic/truestudio for stm32 9.2.0/armtools/bin/../lib/gcc/arm-atollic-eabi/6.3.1/../../../../arm-atollic-eabi/lib/armv7e-m/fpu\libc_nano.a(lib_a-stdio.o)
                0x08005c32                __sclose
 *fill*         0x08005c3a        0x2 
 .text._write_r
                0x08005c3c       0x24 c:/program files (x86)/atollic/truestudio for stm32 9.2.0/armtools/bin/../lib/gcc/arm-atollic-eabi/6.3.1/../../../../arm-atollic-eabi/lib/armv7e-m/fpu\libc_nano.a(lib_a-writer.o)
                0x08005c3c                _write_r
 .text._close_r
                0x08005c60       0x20 c:/program files (x86)/atollic/truestudio for stm32 9.2.0/armtools/bin/../lib/gcc/arm-atollic-eabi/6.3.1/../../../../arm-atollic-eabi/lib/armv7e-m/fpu\libc_nano.a(lib_a-closer.o)
                0x08005c60                _close_r
 .text._fstat_r
                0x08005c80       0x24 c:/program files (x86)/atollic/truestudio for stm32 9.2.0/armtools/bin/../lib/gcc/arm-atollic-eabi/6.3.1/../../../../arm-atollic-eabi/lib/armv7e-m/fpu\libc_nano.a(lib_a-fstatr.o)
                0x08005c80                _fstat_r
 .text._isatty_r
                0x08005ca4       0x20 c:/program files (x86)/atollic/truestudio for stm32 9.2.0/armtools/bin/../lib/gcc/arm-atollic-eabi/6.3.1/../../../../arm-atollic-eabi/lib/armv7e-m/fpu\libc_nano.a(lib_a-isattyr.o)
                0x08005ca4                _isatty_r
 .text._lseek_r
                0x08005cc4       0x24 c:/program files (x86)/atollic/truestudio for stm32 9.2.0/armtools/bin/../lib/gcc/arm-atollic-eabi/6.3.1/../../../../arm-atollic-eabi/lib/armv7e-m/fpu\libc_nano.a(lib_a-lseekr.o)
                0x08005cc4                _lseek_r
 .text.memmove  0x08005ce8       0x34 c:/program files (x86)/atollic/truestudio for stm32 9.2.0/armtools/bin/../lib/gcc/arm-atollic-eabi/6.3.1/../../../../arm-atollic-eabi/lib/armv7e-m/fpu\libc_nano.a(lib_a-memmove.o)
                0x08005ce8                memmove
 .text.__malloc_lock
                0x08005d1c        0x2 c:/program files (x86)/atollic/truestudio for stm32 9.2.0/armtools/bin/../lib/gcc/arm-atollic-eabi/6.3.1/../../../../arm-atollic-eabi/lib/armv7e-m/fpu\libc_nano.a(lib_a-mlock.o)
                0x08005d1c                __malloc_lock
 .text.__malloc_unlock
                0x08005d1e        0x2 c:/program files (x86)/atollic/truestudio for stm32 9.2.0/armtools/bin/../lib/gcc/arm-atollic-eabi/6.3.1/../../../../arm-atollic-eabi/lib/armv7e-m/fpu\libc_nano.a(lib_a-mlock.o)
                0x08005d1e                __malloc_unlock
 .text._realloc_r
                0x08005d20       0x4c c:/program files (x86)/atollic/truestudio for stm32 9.2.0/armtools/bin/../lib/gcc/arm-atollic-eabi/6.3.1/../../../../arm-atollic-eabi/lib/armv7e-m/fpu\libc_nano.a(lib_a-nano-reallocr.o)
                0x08005d20                _realloc_r
 .text._read_r  0x08005d6c       0x24 c:/program files (x86)/atollic/truestudio for stm32 9.2.0/armtools/bin/../lib/gcc/arm-atollic-eabi/6.3.1/../../../../arm-atollic-eabi/lib/armv7e-m/fpu\libc_nano.a(lib_a-readr.o)
                0x08005d6c                _read_r
 .text._malloc_usable_size_r
                0x08005d90       0x12 c:/program files (x86)/atollic/truestudio for stm32 9.2.0/armtools/bin/../lib/gcc/arm-atollic-eabi/6.3.1/../../../../arm-atollic-eabi/lib/armv7e-m/fpu\libc_nano.a(lib_a-nano-msizer.o)
                0x08005d90                _malloc_usable_size_r
 *(.glue_7)
 .glue_7        0x08005da2        0x0 linker stubs
 *(.glue_7t)
 .glue_7t       0x08005da2        0x0 linker stubs
 *(.eh_frame)
 *fill*         0x08005da2        0x2 
 .eh_frame      0x08005da4        0x0 c:/program files (x86)/atollic/truestudio for stm32 9.2.0/armtools/bin/../lib/gcc/arm-atollic-eabi/6.3.1/armv7e-m/fpu/crtbegin.o
 *(.init)
 .init          0x08005da4        0x4 c:/program files (x86)/atollic/truestudio for stm32 9.2.0/armtools/bin/../lib/gcc/arm-atollic-eabi/6.3.1/armv7e-m/fpu/crti.o
                0x08005da4                _init
 .init          0x08005da8        0x8 c:/program files (x86)/atollic/truestudio for stm32 9.2.0/armtools/bin/../lib/gcc/arm-atollic-eabi/6.3.1/armv7e-m/fpu/crtn.o
 *(.fini)
 .fini          0x08005db0        0x4 c:/program files (x86)/atollic/truestudio for stm32 9.2.0/armtools/bin/../lib/gcc/arm-atollic-eabi/6.3.1/armv7e-m/fpu/crti.o
                0x08005db0                _fini
 .fini          0x08005db4        0x8 c:/program files (x86)/atollic/truestudio for stm32 9.2.0/armtools/bin/../lib/gcc/arm-atollic-eabi/6.3.1/armv7e-m/fpu/crtn.o
                0x08005dbc                . = ALIGN (0x4)
                0x08005dbc                _etext = .

.vfp11_veneer   0x08005dbc        0x0
 .vfp11_veneer  0x08005dbc        0x0 linker stubs

.v4_bx          0x08005dbc        0x0
 .v4_bx         0x08005dbc        0x0 linker stubs

.iplt           0x08005dbc        0x0
 .iplt          0x08005dbc        0x0 c:/program files (x86)/atollic/truestudio for stm32 9.2.0/armtools/bin/../lib/gcc/arm-atollic-eabi/6.3.1/armv7e-m/fpu/crtbegin.o

.rodata         0x08005dbc      0x3bc
                0x08005dbc                . = ALIGN (0x4)
 *(.rodata)
 *(.rodata*)
 .rodata.HAL_NVIC_SetPriorityGrouping.str1.1
                0x08005dbc       0x3b Drivers\STM32F4xx_HAL_Driver\Src\stm32f4xx_hal_cortex.o
 .rodata.HAL_GPIO_Init.str1.1
                0x08005df7       0x39 Drivers\STM32F4xx_HAL_Driver\Src\stm32f4xx_hal_gpio.o
 .rodata.HAL_I2C_Init.str1.1
                0x08005e30       0x38 Drivers\STM32F4xx_HAL_Driver\Src\stm32f4xx_hal_i2c.o
 .rodata.HAL_RCC_OscConfig.str1.1
                0x08005e68       0x38 Drivers\STM32F4xx_HAL_Driver\Src\stm32f4xx_hal_rcc.o
 .rodata.TIM_OC1_SetConfig.str1.1
                0x08005ea0       0x38 Drivers\STM32F4xx_HAL_Driver\Src\stm32f4xx_hal_tim.o
 .rodata.vTaskStartScheduler.str1.1
                0x08005ed8        0x5 Middlewares\Third_Party\FreeRTOS\Source\tasks.o
 .rodata.prvCheckForValidListAndQueue.str1.1
                0x08005edd        0x5 Middlewares\Third_Party\FreeRTOS\Source\timers.o
 .rodata.xTimerCreateTimerTask.str1.1
                0x08005ee2        0x8 Middlewares\Third_Party\FreeRTOS\Source\timers.o
 .rodata.Error_Handler.str1.1
                0x08005eea        0xf Src\main.o
 .rodata.HAL_I2C_AbortCpltCallback.str1.1
                0x08005ef9       0x1d Src\main.o
 .rodata.HAL_I2C_ErrorCallback.str1.1
                0x08005f16       0x17 Src\main.o
 .rodata.HAL_I2C_MasterTxCpltCallback.str1.1
                0x08005f2d       0x31 Src\main.o
 .rodata.HAL_I2C_MemTxCpltCallback.str1.1
                0x08005f5e       0x28 Src\main.o
 .rodata.StartDefaultTask.str1.1
                0x08005f86       0xbb Src\main.o
 .rodata.StartTask02.str1.1
                0x08006041        0xe Src\main.o
 .rodata.assert_failed.str1.1
                0x0800604f       0x2d Src\main.o
 .rodata.main.str1.1
                0x0800607c       0x1b Src\main.o
 .rodata.HAL_I2C_MspInit.str1.1
                0x08006097       0x2e Src\stm32f4xx_hal_msp.o
 .rodata.AHBPrescTable
                0x080060c5       0x10 Src\system_stm32f4xx.o
                0x080060c5                AHBPrescTable
 .rodata.APBPrescTable
                0x080060d5        0x8 Src\system_stm32f4xx.o
                0x080060d5                APBPrescTable
 *fill*         0x080060dd        0x3 
 .rodata._global_impure_ptr
                0x080060e0        0x4 c:/program files (x86)/atollic/truestudio for stm32 9.2.0/armtools/bin/../lib/gcc/arm-atollic-eabi/6.3.1/../../../../arm-atollic-eabi/lib/armv7e-m/fpu\libc_nano.a(lib_a-impure.o)
                0x080060e0                _global_impure_ptr
 .rodata.__sf_fake_stderr
                0x080060e4       0x20 c:/program files (x86)/atollic/truestudio for stm32 9.2.0/armtools/bin/../lib/gcc/arm-atollic-eabi/6.3.1/../../../../arm-atollic-eabi/lib/armv7e-m/fpu\libc_nano.a(lib_a-findfp.o)
                0x080060e4                __sf_fake_stderr
 .rodata.__sf_fake_stdin
                0x08006104       0x20 c:/program files (x86)/atollic/truestudio for stm32 9.2.0/armtools/bin/../lib/gcc/arm-atollic-eabi/6.3.1/../../../../arm-atollic-eabi/lib/armv7e-m/fpu\libc_nano.a(lib_a-findfp.o)
                0x08006104                __sf_fake_stdin
 .rodata.__sf_fake_stdout
                0x08006124       0x20 c:/program files (x86)/atollic/truestudio for stm32 9.2.0/armtools/bin/../lib/gcc/arm-atollic-eabi/6.3.1/../../../../arm-atollic-eabi/lib/armv7e-m/fpu\libc_nano.a(lib_a-findfp.o)
                0x08006124                __sf_fake_stdout
 .rodata._svfprintf_r.str1.1
                0x08006144       0x11 c:/program files (x86)/atollic/truestudio for stm32 9.2.0/armtools/bin/../lib/gcc/arm-atollic-eabi/6.3.1/../../../../arm-atollic-eabi/lib/armv7e-m/fpu\libc_nano.a(lib_a-nano-svfprintf.o)
 .rodata._vfprintf_r.str1.1
                0x08006155       0x11 c:/program files (x86)/atollic/truestudio for stm32 9.2.0/armtools/bin/../lib/gcc/arm-atollic-eabi/6.3.1/../../../../arm-atollic-eabi/lib/armv7e-m/fpu\libc_nano.a(lib_a-nano-vfprintf.o)
 .rodata._printf_i.str1.1
                0x08006155       0x22 c:/program files (x86)/atollic/truestudio for stm32 9.2.0/armtools/bin/../lib/gcc/arm-atollic-eabi/6.3.1/../../../../arm-atollic-eabi/lib/armv7e-m/fpu\libc_nano.a(lib_a-nano-vfprintf_i.o)
                0x08006178                . = ALIGN (0x4)
 *fill*         0x08006177        0x1 

.ARM.extab
 *(.ARM.extab* .gnu.linkonce.armextab.*)

.ARM            0x08006178        0x8
                0x08006178                __exidx_start = .
 *(.ARM.exidx*)
 .ARM.exidx     0x08006178        0x8 c:/program files (x86)/atollic/truestudio for stm32 9.2.0/armtools/bin/../lib/gcc/arm-atollic-eabi/6.3.1/armv7e-m/fpu\libgcc.a(_udivmoddi4.o)
                0x08006180                __exidx_end = .

.rel.dyn        0x08006180        0x0
 .rel.iplt      0x08006180        0x0 c:/program files (x86)/atollic/truestudio for stm32 9.2.0/armtools/bin/../lib/gcc/arm-atollic-eabi/6.3.1/armv7e-m/fpu/crtbegin.o

.preinit_array  0x08006180        0x0
                0x08006180                PROVIDE (__preinit_array_start, .)
 *(.preinit_array*)
                0x08006180                PROVIDE (__preinit_array_end, .)

.init_array     0x08006180        0x4
                0x08006180                PROVIDE (__init_array_start, .)
 *(SORT(.init_array.*))
 *(.init_array*)
 .init_array    0x08006180        0x4 c:/program files (x86)/atollic/truestudio for stm32 9.2.0/armtools/bin/../lib/gcc/arm-atollic-eabi/6.3.1/armv7e-m/fpu/crtbegin.o
                0x08006184                PROVIDE (__init_array_end, .)

.fini_array     0x08006184        0x4
                [!provide]                PROVIDE (__fini_array_start, .)
 *(SORT(.fini_array.*))
 *(.fini_array*)
 .fini_array    0x08006184        0x4 c:/program files (x86)/atollic/truestudio for stm32 9.2.0/armtools/bin/../lib/gcc/arm-atollic-eabi/6.3.1/armv7e-m/fpu/crtbegin.o
                [!provide]                PROVIDE (__fini_array_end, .)
                0x08006188                _sidata = LOADADDR (.data)

.data           0x20000000       0xd8 load address 0x08006188
                0x20000000                . = ALIGN (0x4)
                0x20000000                _sdata = .
 *(.data)
 *(.data*)
 .data.uwTickFreq
                0x20000000        0x1 Drivers\STM32F4xx_HAL_Driver\Src\stm32f4xx_hal.o
                0x20000000                uwTickFreq
 *fill*         0x20000001        0x3 
 .data.uxCriticalNesting
                0x20000004        0x4 Middlewares\Third_Party\FreeRTOS\Source\portable\GCC\ARM_CM4F\port.o
 .data.I2C_SLAVE_ADDR_24c256
                0x20000008        0x1 Src\main.o
                0x20000008                I2C_SLAVE_ADDR_24c256
 .data.rxBuf    0x20000009       0x32 Src\main.o
                0x20000009                rxBuf
 .data.txBuf    0x2000003b       0x32 Src\main.o
                0x2000003b                txBuf
 *fill*         0x2000006d        0x3 
 .data.SystemCoreClock
                0x20000070        0x4 Src\system_stm32f4xx.o
                0x20000070                SystemCoreClock
 .data._impure_ptr
                0x20000074        0x4 c:/program files (x86)/atollic/truestudio for stm32 9.2.0/armtools/bin/../lib/gcc/arm-atollic-eabi/6.3.1/../../../../arm-atollic-eabi/lib/armv7e-m/fpu\libc_nano.a(lib_a-impure.o)
                0x20000074                _impure_ptr
 .data.impure_data
                0x20000078       0x60 c:/program files (x86)/atollic/truestudio for stm32 9.2.0/armtools/bin/../lib/gcc/arm-atollic-eabi/6.3.1/../../../../arm-atollic-eabi/lib/armv7e-m/fpu\libc_nano.a(lib_a-impure.o)
                0x200000d8                . = ALIGN (0x4)
                0x200000d8                _edata = .
                0x08006260                _siccmram = LOADADDR (.ccmram)

.igot.plt       0x200000d8        0x0 load address 0x08006260
 .igot.plt      0x200000d8        0x0 c:/program files (x86)/atollic/truestudio for stm32 9.2.0/armtools/bin/../lib/gcc/arm-atollic-eabi/6.3.1/armv7e-m/fpu/crtbegin.o

.ccmram         0x10000000        0x0 load address 0x08006260
                0x10000000                . = ALIGN (0x4)
                0x10000000                _sccmram = .
 *(.ccmram)
 *(.ccmram*)
                0x10000000                . = ALIGN (0x4)
                0x10000000                _eccmram = .
                0x10000000                . = ALIGN (0x4)

.bss            0x200000d8     0x5c38
                0x200000d8                _sbss = .
                0x200000d8                __bss_start__ = _sbss
 *(.bss)
 .bss           0x200000d8       0x1c c:/program files (x86)/atollic/truestudio for stm32 9.2.0/armtools/bin/../lib/gcc/arm-atollic-eabi/6.3.1/armv7e-m/fpu/crtbegin.o
 *(.bss*)
 .bss.Idle_Stack
                0x200000f4      0x800 Middlewares\Third_Party\FreeRTOS\Source\CMSIS_RTOS_V2\cmsis_os2.o
 .bss.Idle_TCB  0x200008f4       0x54 Middlewares\Third_Party\FreeRTOS\Source\CMSIS_RTOS_V2\cmsis_os2.o
 .bss.KernelState
                0x20000948        0x4 Middlewares\Third_Party\FreeRTOS\Source\CMSIS_RTOS_V2\cmsis_os2.o
 .bss.Timer_Stack
                0x2000094c     0x1000 Middlewares\Third_Party\FreeRTOS\Source\CMSIS_RTOS_V2\cmsis_os2.o
 .bss.Timer_TCB
                0x2000194c       0x54 Middlewares\Third_Party\FreeRTOS\Source\CMSIS_RTOS_V2\cmsis_os2.o
 .bss.ucMaxSysCallPriority
                0x200019a0        0x1 Middlewares\Third_Party\FreeRTOS\Source\portable\GCC\ARM_CM4F\port.o
 *fill*         0x200019a1        0x3 
 .bss.ulMaxPRIGROUPValue
                0x200019a4        0x4 Middlewares\Third_Party\FreeRTOS\Source\portable\GCC\ARM_CM4F\port.o
 .bss.pxEnd     0x200019a8        0x4 Middlewares\Third_Party\FreeRTOS\Source\portable\MemMang\heap_4.o
 .bss.ucHeap    0x200019ac     0x3c00 Middlewares\Third_Party\FreeRTOS\Source\portable\MemMang\heap_4.o
 .bss.xBlockAllocatedBit
                0x200055ac        0x4 Middlewares\Third_Party\FreeRTOS\Source\portable\MemMang\heap_4.o
 .bss.xFreeBytesRemaining
                0x200055b0        0x4 Middlewares\Third_Party\FreeRTOS\Source\portable\MemMang\heap_4.o
 .bss.xMinimumEverFreeBytesRemaining
                0x200055b4        0x4 Middlewares\Third_Party\FreeRTOS\Source\portable\MemMang\heap_4.o
 .bss.xStart    0x200055b8        0x8 Middlewares\Third_Party\FreeRTOS\Source\portable\MemMang\heap_4.o
 .bss.pxCurrentTCB
                0x200055c0        0x4 Middlewares\Third_Party\FreeRTOS\Source\tasks.o
                0x200055c0                pxCurrentTCB
 .bss.pxDelayedTaskList
                0x200055c4        0x4 Middlewares\Third_Party\FreeRTOS\Source\tasks.o
 .bss.pxOverflowDelayedTaskList
                0x200055c8        0x4 Middlewares\Third_Party\FreeRTOS\Source\tasks.o
 .bss.pxReadyTasksLists
                0x200055cc      0x460 Middlewares\Third_Party\FreeRTOS\Source\tasks.o
 .bss.uxCurrentNumberOfTasks
                0x20005a2c        0x4 Middlewares\Third_Party\FreeRTOS\Source\tasks.o
 .bss.uxDeletedTasksWaitingCleanUp
                0x20005a30        0x4 Middlewares\Third_Party\FreeRTOS\Source\tasks.o
 .bss.uxPendedTicks
                0x20005a34        0x4 Middlewares\Third_Party\FreeRTOS\Source\tasks.o
 .bss.uxSchedulerSuspended
                0x20005a38        0x4 Middlewares\Third_Party\FreeRTOS\Source\tasks.o
 .bss.uxTaskNumber
                0x20005a3c        0x4 Middlewares\Third_Party\FreeRTOS\Source\tasks.o
 .bss.uxTopReadyPriority
                0x20005a40        0x4 Middlewares\Third_Party\FreeRTOS\Source\tasks.o
 .bss.xDelayedTaskList1
                0x20005a44       0x14 Middlewares\Third_Party\FreeRTOS\Source\tasks.o
 .bss.xDelayedTaskList2
                0x20005a58       0x14 Middlewares\Third_Party\FreeRTOS\Source\tasks.o
 .bss.xNextTaskUnblockTime
                0x20005a6c        0x4 Middlewares\Third_Party\FreeRTOS\Source\tasks.o
 .bss.xNumOfOverflows
                0x20005a70        0x4 Middlewares\Third_Party\FreeRTOS\Source\tasks.o
 .bss.xPendingReadyList
                0x20005a74       0x14 Middlewares\Third_Party\FreeRTOS\Source\tasks.o
 .bss.xSchedulerRunning
                0x20005a88        0x4 Middlewares\Third_Party\FreeRTOS\Source\tasks.o
 .bss.xSuspendedTaskList
                0x20005a8c       0x14 Middlewares\Third_Party\FreeRTOS\Source\tasks.o
 .bss.xTasksWaitingTermination
                0x20005aa0       0x14 Middlewares\Third_Party\FreeRTOS\Source\tasks.o
 .bss.xTickCount
                0x20005ab4        0x4 Middlewares\Third_Party\FreeRTOS\Source\tasks.o
 .bss.xYieldPending
                0x20005ab8        0x4 Middlewares\Third_Party\FreeRTOS\Source\tasks.o
 .bss.pxCurrentTimerList
                0x20005abc        0x4 Middlewares\Third_Party\FreeRTOS\Source\timers.o
 .bss.pxOverflowTimerList
                0x20005ac0        0x4 Middlewares\Third_Party\FreeRTOS\Source\timers.o
 .bss.ucStaticTimerQueueStorage.6621
                0x20005ac4       0x78 Middlewares\Third_Party\FreeRTOS\Source\timers.o
 .bss.xActiveTimerList1
                0x20005b3c       0x14 Middlewares\Third_Party\FreeRTOS\Source\timers.o
 .bss.xActiveTimerList2
                0x20005b50       0x14 Middlewares\Third_Party\FreeRTOS\Source\timers.o
 .bss.xLastTime.6572
                0x20005b64        0x4 Middlewares\Third_Party\FreeRTOS\Source\timers.o
 .bss.xStaticTimerQueue.6620
                0x20005b68       0x48 Middlewares\Third_Party\FreeRTOS\Source\timers.o
 .bss.xTimerQueue
                0x20005bb0        0x4 Middlewares\Third_Party\FreeRTOS\Source\timers.o
 .bss.xTimerTaskHandle
                0x20005bb4        0x4 Middlewares\Third_Party\FreeRTOS\Source\timers.o
 .bss.masterWaitRead_OK
                0x20005bb8        0x1 Src\main.o
                0x20005bb8                masterWaitRead_OK
 .bss.masterWaitTransmit_OK
                0x20005bb9        0x1 Src\main.o
                0x20005bb9                masterWaitTransmit_OK
 .bss.transferRequested
                0x20005bba        0x1 Src\main.o
                0x20005bba                transferRequested
 *fill*         0x20005bbb        0x1 
 .bss.txPos     0x20005bbc        0x2 Src\main.o
                0x20005bbc                txPos
 *fill*         0x20005bbe        0x2 
 .bss.heap_end.10067
                0x20005bc0        0x4 Src\syscalls.o
 .bss.__malloc_free_list
                0x20005bc4        0x4 c:/program files (x86)/atollic/truestudio for stm32 9.2.0/armtools/bin/../lib/gcc/arm-atollic-eabi/6.3.1/../../../../arm-atollic-eabi/lib/armv7e-m/fpu\libc_nano.a(lib_a-nano-mallocr.o)
                0x20005bc4                __malloc_free_list
 .bss.__malloc_sbrk_start
                0x20005bc8        0x4 c:/program files (x86)/atollic/truestudio for stm32 9.2.0/armtools/bin/../lib/gcc/arm-atollic-eabi/6.3.1/../../../../arm-atollic-eabi/lib/armv7e-m/fpu\libc_nano.a(lib_a-nano-mallocr.o)
                0x20005bc8                __malloc_sbrk_start
 *(COMMON)
 COMMON         0x20005bcc        0x4 Drivers\STM32F4xx_HAL_Driver\Src\stm32f4xx_hal.o
                0x20005bcc                uwTick
 COMMON         0x20005bd0       0x40 Middlewares\Third_Party\FreeRTOS\Source\queue.o
                0x20005bd0                xQueueRegistry
 COMMON         0x20005c10       0xb9 Src\main.o
                0x20005c10                defaultTaskHandle
                0x20005c14                t_int
                0x20005c18                hi2c1
                0x20005c6c                hi2c2
                0x20005cc0                transferDirection
                0x20005cc4                myTask02Handle
                0x20005cc8                t_frac
 *fill*         0x20005cc9        0x3 
 COMMON         0x20005ccc       0x40 Src\stm32f4xx_hal_timebase_tim.o
                0x20005ccc                htim9
 COMMON         0x20005d0c        0x4 c:/program files (x86)/atollic/truestudio for stm32 9.2.0/armtools/bin/../lib/gcc/arm-atollic-eabi/6.3.1/../../../../arm-atollic-eabi/lib/armv7e-m/fpu\libc_nano.a(lib_a-reent.o)
                0x20005d0c                errno
                0x20005d10                . = ALIGN (0x4)
                0x20005d10                _ebss = .
                0x20005d10                __bss_end__ = _ebss

._user_heap_stack
                0x20005d10     0xc000
                0x20005d10                . = ALIGN (0x4)
                0x20005d10                PROVIDE (end, .)
                [!provide]                PROVIDE (_end, .)
                0x20009d10                . = (. + _Min_Heap_Size)
 *fill*         0x20005d10     0x4000 
                0x20011d10                . = (. + _Min_Stack_Size)
 *fill*         0x20009d10     0x8000 
                0x20011d10                . = ALIGN (0x4)

/DISCARD/
 libc.a(*)
 libm.a(*)
 libgcc.a(*)

.ARM.attributes
                0x00000000       0x30
 *(.ARM.attributes)
 .ARM.attributes
                0x00000000       0x22 c:/program files (x86)/atollic/truestudio for stm32 9.2.0/armtools/bin/../lib/gcc/arm-atollic-eabi/6.3.1/armv7e-m/fpu/crti.o
 .ARM.attributes
                0x00000022       0x34 c:/program files (x86)/atollic/truestudio for stm32 9.2.0/armtools/bin/../lib/gcc/arm-atollic-eabi/6.3.1/armv7e-m/fpu/crtbegin.o
 .ARM.attributes
                0x00000056       0x39 Drivers\STM32F4xx_HAL_Driver\Src\stm32f4xx_hal.o
 .ARM.attributes
                0x0000008f       0x39 Drivers\STM32F4xx_HAL_Driver\Src\stm32f4xx_hal_cortex.o
 .ARM.attributes
                0x000000c8       0x39 Drivers\STM32F4xx_HAL_Driver\Src\stm32f4xx_hal_dma.o
 .ARM.attributes
                0x00000101       0x39 Drivers\STM32F4xx_HAL_Driver\Src\stm32f4xx_hal_gpio.o
 .ARM.attributes
                0x0000013a       0x39 Drivers\STM32F4xx_HAL_Driver\Src\stm32f4xx_hal_i2c.o
 .ARM.attributes
                0x00000173       0x39 Drivers\STM32F4xx_HAL_Driver\Src\stm32f4xx_hal_rcc.o
 .ARM.attributes
                0x000001ac       0x39 Drivers\STM32F4xx_HAL_Driver\Src\stm32f4xx_hal_tim.o
 .ARM.attributes
                0x000001e5       0x39 Drivers\STM32F4xx_HAL_Driver\Src\stm32f4xx_hal_tim_ex.o
 .ARM.attributes
                0x0000021e       0x39 Middlewares\Third_Party\FreeRTOS\Source\CMSIS_RTOS_V2\cmsis_os2.o
 .ARM.attributes
                0x00000257       0x39 Middlewares\Third_Party\FreeRTOS\Source\list.o
 .ARM.attributes
                0x00000290       0x39 Middlewares\Third_Party\FreeRTOS\Source\portable\GCC\ARM_CM4F\port.o
 .ARM.attributes
                0x000002c9       0x39 Middlewares\Third_Party\FreeRTOS\Source\portable\MemMang\heap_4.o
 .ARM.attributes
                0x00000302       0x39 Middlewares\Third_Party\FreeRTOS\Source\queue.o
 .ARM.attributes
                0x0000033b       0x39 Middlewares\Third_Party\FreeRTOS\Source\tasks.o
 .ARM.attributes
                0x00000374       0x39 Middlewares\Third_Party\FreeRTOS\Source\timers.o
 .ARM.attributes
                0x000003ad       0x39 Src\main.o
 .ARM.attributes
                0x000003e6       0x39 Src\stm32f4xx_hal_msp.o
 .ARM.attributes
                0x0000041f       0x39 Src\stm32f4xx_hal_timebase_tim.o
 .ARM.attributes
                0x00000458       0x39 Src\stm32f4xx_it.o
 .ARM.attributes
                0x00000491       0x39 Src\syscalls.o
 .ARM.attributes
                0x000004ca       0x39 Src\system_stm32f4xx.o
 .ARM.attributes
                0x00000503       0x21 startup\startup_stm32f407xx.o
 .ARM.attributes
                0x00000524       0x34 c:/program files (x86)/atollic/truestudio for stm32 9.2.0/armtools/bin/../lib/gcc/arm-atollic-eabi/6.3.1/../../../../arm-atollic-eabi/lib/armv7e-m/fpu\libc_nano.a(lib_a-errno.o)
 .ARM.attributes
                0x00000558       0x34 c:/program files (x86)/atollic/truestudio for stm32 9.2.0/armtools/bin/../lib/gcc/arm-atollic-eabi/6.3.1/../../../../arm-atollic-eabi/lib/armv7e-m/fpu\libc_nano.a(lib_a-impure.o)
 .ARM.attributes
                0x0000058c       0x34 c:/program files (x86)/atollic/truestudio for stm32 9.2.0/armtools/bin/../lib/gcc/arm-atollic-eabi/6.3.1/../../../../arm-atollic-eabi/lib/armv7e-m/fpu\libc_nano.a(lib_a-init.o)
 .ARM.attributes
                0x000005c0       0x34 c:/program files (x86)/atollic/truestudio for stm32 9.2.0/armtools/bin/../lib/gcc/arm-atollic-eabi/6.3.1/../../../../arm-atollic-eabi/lib/armv7e-m/fpu\libc_nano.a(lib_a-memcpy-stub.o)
 .ARM.attributes
                0x000005f4       0x34 c:/program files (x86)/atollic/truestudio for stm32 9.2.0/armtools/bin/../lib/gcc/arm-atollic-eabi/6.3.1/../../../../arm-atollic-eabi/lib/armv7e-m/fpu\libc_nano.a(lib_a-memset.o)
 .ARM.attributes
                0x00000628       0x34 c:/program files (x86)/atollic/truestudio for stm32 9.2.0/armtools/bin/../lib/gcc/arm-atollic-eabi/6.3.1/../../../../arm-atollic-eabi/lib/armv7e-m/fpu\libc_nano.a(lib_a-printf.o)
 .ARM.attributes
                0x0000065c       0x34 c:/program files (x86)/atollic/truestudio for stm32 9.2.0/armtools/bin/../lib/gcc/arm-atollic-eabi/6.3.1/../../../../arm-atollic-eabi/lib/armv7e-m/fpu\libc_nano.a(lib_a-putchar.o)
 .ARM.attributes
                0x00000690       0x34 c:/program files (x86)/atollic/truestudio for stm32 9.2.0/armtools/bin/../lib/gcc/arm-atollic-eabi/6.3.1/../../../../arm-atollic-eabi/lib/armv7e-m/fpu\libc_nano.a(lib_a-puts.o)
 .ARM.attributes
                0x000006c4       0x34 c:/program files (x86)/atollic/truestudio for stm32 9.2.0/armtools/bin/../lib/gcc/arm-atollic-eabi/6.3.1/../../../../arm-atollic-eabi/lib/armv7e-m/fpu\libc_nano.a(lib_a-sprintf.o)
 .ARM.attributes
                0x000006f8       0x34 c:/program files (x86)/atollic/truestudio for stm32 9.2.0/armtools/bin/../lib/gcc/arm-atollic-eabi/6.3.1/../../../../arm-atollic-eabi/lib/armv7e-m/fpu\libc_nano.a(lib_a-wbuf.o)
 .ARM.attributes
                0x0000072c       0x34 c:/program files (x86)/atollic/truestudio for stm32 9.2.0/armtools/bin/../lib/gcc/arm-atollic-eabi/6.3.1/../../../../arm-atollic-eabi/lib/armv7e-m/fpu\libc_nano.a(lib_a-wsetup.o)
 .ARM.attributes
                0x00000760       0x34 c:/program files (x86)/atollic/truestudio for stm32 9.2.0/armtools/bin/../lib/gcc/arm-atollic-eabi/6.3.1/../../../../arm-atollic-eabi/lib/armv7e-m/fpu\libc_nano.a(lib_a-fflush.o)
 .ARM.attributes
                0x00000794       0x34 c:/program files (x86)/atollic/truestudio for stm32 9.2.0/armtools/bin/../lib/gcc/arm-atollic-eabi/6.3.1/../../../../arm-atollic-eabi/lib/armv7e-m/fpu\libc_nano.a(lib_a-findfp.o)
 .ARM.attributes
                0x000007c8       0x34 c:/program files (x86)/atollic/truestudio for stm32 9.2.0/armtools/bin/../lib/gcc/arm-atollic-eabi/6.3.1/../../../../arm-atollic-eabi/lib/armv7e-m/fpu\libc_nano.a(lib_a-fwalk.o)
 .ARM.attributes
                0x000007fc       0x34 c:/program files (x86)/atollic/truestudio for stm32 9.2.0/armtools/bin/../lib/gcc/arm-atollic-eabi/6.3.1/../../../../arm-atollic-eabi/lib/armv7e-m/fpu\libc_nano.a(lib_a-makebuf.o)
 .ARM.attributes
                0x00000830       0x34 c:/program files (x86)/atollic/truestudio for stm32 9.2.0/armtools/bin/../lib/gcc/arm-atollic-eabi/6.3.1/../../../../arm-atollic-eabi/lib/armv7e-m/fpu\libc_nano.a(lib_a-nano-freer.o)
 .ARM.attributes
                0x00000864       0x34 c:/program files (x86)/atollic/truestudio for stm32 9.2.0/armtools/bin/../lib/gcc/arm-atollic-eabi/6.3.1/../../../../arm-atollic-eabi/lib/armv7e-m/fpu\libc_nano.a(lib_a-nano-mallocr.o)
 .ARM.attributes
                0x00000898       0x34 c:/program files (x86)/atollic/truestudio for stm32 9.2.0/armtools/bin/../lib/gcc/arm-atollic-eabi/6.3.1/../../../../arm-atollic-eabi/lib/armv7e-m/fpu\libc_nano.a(lib_a-nano-svfprintf.o)
 .ARM.attributes
                0x000008cc       0x34 c:/program files (x86)/atollic/truestudio for stm32 9.2.0/armtools/bin/../lib/gcc/arm-atollic-eabi/6.3.1/../../../../arm-atollic-eabi/lib/armv7e-m/fpu\libc_nano.a(lib_a-nano-vfprintf.o)
 .ARM.attributes
                0x00000900       0x34 c:/program files (x86)/atollic/truestudio for stm32 9.2.0/armtools/bin/../lib/gcc/arm-atollic-eabi/6.3.1/../../../../arm-atollic-eabi/lib/armv7e-m/fpu\libc_nano.a(lib_a-nano-vfprintf_i.o)
 .ARM.attributes
                0x00000934       0x34 c:/program files (x86)/atollic/truestudio for stm32 9.2.0/armtools/bin/../lib/gcc/arm-atollic-eabi/6.3.1/../../../../arm-atollic-eabi/lib/armv7e-m/fpu\libc_nano.a(lib_a-putc.o)
 .ARM.attributes
                0x00000968       0x34 c:/program files (x86)/atollic/truestudio for stm32 9.2.0/armtools/bin/../lib/gcc/arm-atollic-eabi/6.3.1/../../../../arm-atollic-eabi/lib/armv7e-m/fpu\libc_nano.a(lib_a-sbrkr.o)
 .ARM.attributes
                0x0000099c       0x34 c:/program files (x86)/atollic/truestudio for stm32 9.2.0/armtools/bin/../lib/gcc/arm-atollic-eabi/6.3.1/../../../../arm-atollic-eabi/lib/armv7e-m/fpu\libc_nano.a(lib_a-stdio.o)
 .ARM.attributes
                0x000009d0       0x34 c:/program files (x86)/atollic/truestudio for stm32 9.2.0/armtools/bin/../lib/gcc/arm-atollic-eabi/6.3.1/../../../../arm-atollic-eabi/lib/armv7e-m/fpu\libc_nano.a(lib_a-writer.o)
 .ARM.attributes
                0x00000a04       0x34 c:/program files (x86)/atollic/truestudio for stm32 9.2.0/armtools/bin/../lib/gcc/arm-atollic-eabi/6.3.1/../../../../arm-atollic-eabi/lib/armv7e-m/fpu\libc_nano.a(lib_a-closer.o)
 .ARM.attributes
                0x00000a38       0x34 c:/program files (x86)/atollic/truestudio for stm32 9.2.0/armtools/bin/../lib/gcc/arm-atollic-eabi/6.3.1/../../../../arm-atollic-eabi/lib/armv7e-m/fpu\libc_nano.a(lib_a-fstatr.o)
 .ARM.attributes
                0x00000a6c       0x34 c:/program files (x86)/atollic/truestudio for stm32 9.2.0/armtools/bin/../lib/gcc/arm-atollic-eabi/6.3.1/../../../../arm-atollic-eabi/lib/armv7e-m/fpu\libc_nano.a(lib_a-isattyr.o)
 .ARM.attributes
                0x00000aa0       0x34 c:/program files (x86)/atollic/truestudio for stm32 9.2.0/armtools/bin/../lib/gcc/arm-atollic-eabi/6.3.1/../../../../arm-atollic-eabi/lib/armv7e-m/fpu\libc_nano.a(lib_a-lseekr.o)
 .ARM.attributes
                0x00000ad4       0x20 c:/program files (x86)/atollic/truestudio for stm32 9.2.0/armtools/bin/../lib/gcc/arm-atollic-eabi/6.3.1/../../../../arm-atollic-eabi/lib/armv7e-m/fpu\libc_nano.a(lib_a-memchr.o)
 .ARM.attributes
                0x00000af4       0x34 c:/program files (x86)/atollic/truestudio for stm32 9.2.0/armtools/bin/../lib/gcc/arm-atollic-eabi/6.3.1/../../../../arm-atollic-eabi/lib/armv7e-m/fpu\libc_nano.a(lib_a-memmove.o)
 .ARM.attributes
                0x00000b28       0x34 c:/program files (x86)/atollic/truestudio for stm32 9.2.0/armtools/bin/../lib/gcc/arm-atollic-eabi/6.3.1/../../../../arm-atollic-eabi/lib/armv7e-m/fpu\libc_nano.a(lib_a-mlock.o)
 .ARM.attributes
                0x00000b5c       0x34 c:/program files (x86)/atollic/truestudio for stm32 9.2.0/armtools/bin/../lib/gcc/arm-atollic-eabi/6.3.1/../../../../arm-atollic-eabi/lib/armv7e-m/fpu\libc_nano.a(lib_a-nano-reallocr.o)
 .ARM.attributes
                0x00000b90       0x34 c:/program files (x86)/atollic/truestudio for stm32 9.2.0/armtools/bin/../lib/gcc/arm-atollic-eabi/6.3.1/../../../../arm-atollic-eabi/lib/armv7e-m/fpu\libc_nano.a(lib_a-readr.o)
 .ARM.attributes
                0x00000bc4       0x34 c:/program files (x86)/atollic/truestudio for stm32 9.2.0/armtools/bin/../lib/gcc/arm-atollic-eabi/6.3.1/../../../../arm-atollic-eabi/lib/armv7e-m/fpu\libc_nano.a(lib_a-reent.o)
 .ARM.attributes
                0x00000bf8       0x34 c:/program files (x86)/atollic/truestudio for stm32 9.2.0/armtools/bin/../lib/gcc/arm-atollic-eabi/6.3.1/../../../../arm-atollic-eabi/lib/armv7e-m/fpu\libc_nano.a(lib_a-nano-msizer.o)
 .ARM.attributes
                0x00000c2c       0x22 c:/program files (x86)/atollic/truestudio for stm32 9.2.0/armtools/bin/../lib/gcc/arm-atollic-eabi/6.3.1/armv7e-m/fpu\libgcc.a(_aeabi_uldivmod.o)
 .ARM.attributes
                0x00000c4e       0x34 c:/program files (x86)/atollic/truestudio for stm32 9.2.0/armtools/bin/../lib/gcc/arm-atollic-eabi/6.3.1/armv7e-m/fpu\libgcc.a(_udivmoddi4.o)
 .ARM.attributes
                0x00000c82       0x22 c:/program files (x86)/atollic/truestudio for stm32 9.2.0/armtools/bin/../lib/gcc/arm-atollic-eabi/6.3.1/armv7e-m/fpu\libgcc.a(_dvmd_tls.o)
 .ARM.attributes
                0x00000ca4       0x22 c:/program files (x86)/atollic/truestudio for stm32 9.2.0/armtools/bin/../lib/gcc/arm-atollic-eabi/6.3.1/armv7e-m/fpu/crtn.o
OUTPUT(FREERTOS_I2C_24c256_STM32F407_FREERTOS.elf elf32-littlearm)

.debug_info     0x00000000    0x20ea9
 .debug_info    0x00000000      0xa19 Drivers\STM32F4xx_HAL_Driver\Src\stm32f4xx_hal.o
 .debug_info    0x00000a19     0x11d2 Drivers\STM32F4xx_HAL_Driver\Src\stm32f4xx_hal_cortex.o
 .debug_info    0x00001beb      0xc31 Drivers\STM32F4xx_HAL_Driver\Src\stm32f4xx_hal_dma.o
 .debug_info    0x0000281c      0x8d4 Drivers\STM32F4xx_HAL_Driver\Src\stm32f4xx_hal_gpio.o
 .debug_info    0x000030f0     0x3620 Drivers\STM32F4xx_HAL_Driver\Src\stm32f4xx_hal_i2c.o
 .debug_info    0x00006710      0xcf1 Drivers\STM32F4xx_HAL_Driver\Src\stm32f4xx_hal_rcc.o
 .debug_info    0x00007401     0x457f Drivers\STM32F4xx_HAL_Driver\Src\stm32f4xx_hal_tim.o
 .debug_info    0x0000b980     0x1a6e Drivers\STM32F4xx_HAL_Driver\Src\stm32f4xx_hal_tim_ex.o
 .debug_info    0x0000d3ee     0x495e Middlewares\Third_Party\FreeRTOS\Source\CMSIS_RTOS_V2\cmsis_os2.o
 .debug_info    0x00011d4c      0xac5 Middlewares\Third_Party\FreeRTOS\Source\list.o
 .debug_info    0x00012811      0x572 Middlewares\Third_Party\FreeRTOS\Source\portable\GCC\ARM_CM4F\port.o
 .debug_info    0x00012d83      0xca5 Middlewares\Third_Party\FreeRTOS\Source\portable\MemMang\heap_4.o
 .debug_info    0x00013a28     0x2b80 Middlewares\Third_Party\FreeRTOS\Source\queue.o
 .debug_info    0x000165a8     0x2e95 Middlewares\Third_Party\FreeRTOS\Source\tasks.o
 .debug_info    0x0001943d     0x1e8a Middlewares\Third_Party\FreeRTOS\Source\timers.o
 .debug_info    0x0001b2c7     0x1fd1 Src\main.o
 .debug_info    0x0001d298      0xe24 Src\stm32f4xx_hal_msp.o
 .debug_info    0x0001e0bc      0xba0 Src\stm32f4xx_hal_timebase_tim.o
 .debug_info    0x0001ec5c      0x9c9 Src\stm32f4xx_it.o
 .debug_info    0x0001f625     0x12e6 Src\syscalls.o
 .debug_info    0x0002090b      0x50a Src\system_stm32f4xx.o
 .debug_info    0x00020e15       0x94 startup\startup_stm32f407xx.o

.debug_abbrev   0x00000000     0x3c3b
 .debug_abbrev  0x00000000      0x23d Drivers\STM32F4xx_HAL_Driver\Src\stm32f4xx_hal.o
 .debug_abbrev  0x0000023d      0x355 Drivers\STM32F4xx_HAL_Driver\Src\stm32f4xx_hal_cortex.o
 .debug_abbrev  0x00000592      0x2fb Drivers\STM32F4xx_HAL_Driver\Src\stm32f4xx_hal_dma.o
 .debug_abbrev  0x0000088d      0x226 Drivers\STM32F4xx_HAL_Driver\Src\stm32f4xx_hal_gpio.o
 .debug_abbrev  0x00000ab3      0x399 Drivers\STM32F4xx_HAL_Driver\Src\stm32f4xx_hal_i2c.o
 .debug_abbrev  0x00000e4c      0x2dc Drivers\STM32F4xx_HAL_Driver\Src\stm32f4xx_hal_rcc.o
 .debug_abbrev  0x00001128      0x30e Drivers\STM32F4xx_HAL_Driver\Src\stm32f4xx_hal_tim.o
 .debug_abbrev  0x00001436      0x27c Drivers\STM32F4xx_HAL_Driver\Src\stm32f4xx_hal_tim_ex.o
 .debug_abbrev  0x000016b2      0x47b Middlewares\Third_Party\FreeRTOS\Source\CMSIS_RTOS_V2\cmsis_os2.o
 .debug_abbrev  0x00001b2d      0x1ea Middlewares\Third_Party\FreeRTOS\Source\list.o
 .debug_abbrev  0x00001d17      0x23a Middlewares\Third_Party\FreeRTOS\Source\portable\GCC\ARM_CM4F\port.o
 .debug_abbrev  0x00001f51      0x314 Middlewares\Third_Party\FreeRTOS\Source\portable\MemMang\heap_4.o
 .debug_abbrev  0x00002265      0x404 Middlewares\Third_Party\FreeRTOS\Source\queue.o
 .debug_abbrev  0x00002669      0x41a Middlewares\Third_Party\FreeRTOS\Source\tasks.o
 .debug_abbrev  0x00002a83      0x3c1 Middlewares\Third_Party\FreeRTOS\Source\timers.o
 .debug_abbrev  0x00002e44      0x3d7 Src\main.o
 .debug_abbrev  0x0000321b      0x211 Src\stm32f4xx_hal_msp.o
 .debug_abbrev  0x0000342c      0x1e7 Src\stm32f4xx_hal_timebase_tim.o
 .debug_abbrev  0x00003613      0x1a4 Src\stm32f4xx_it.o
 .debug_abbrev  0x000037b7      0x364 Src\syscalls.o
 .debug_abbrev  0x00003b1b      0x10e Src\system_stm32f4xx.o
 .debug_abbrev  0x00003c29       0x12 startup\startup_stm32f407xx.o

.debug_loc      0x00000000     0xea15
 .debug_loc     0x00000000       0xf3 Drivers\STM32F4xx_HAL_Driver\Src\stm32f4xx_hal.o
 .debug_loc     0x000000f3      0x5a8 Drivers\STM32F4xx_HAL_Driver\Src\stm32f4xx_hal_cortex.o
 .debug_loc     0x0000069b      0x770 Drivers\STM32F4xx_HAL_Driver\Src\stm32f4xx_hal_dma.o
 .debug_loc     0x00000e0b      0x461 Drivers\STM32F4xx_HAL_Driver\Src\stm32f4xx_hal_gpio.o
 .debug_loc     0x0000126c     0x2a94 Drivers\STM32F4xx_HAL_Driver\Src\stm32f4xx_hal_i2c.o
 .debug_loc     0x00003d00      0x284 Drivers\STM32F4xx_HAL_Driver\Src\stm32f4xx_hal_rcc.o
 .debug_loc     0x00003f84     0x310d Drivers\STM32F4xx_HAL_Driver\Src\stm32f4xx_hal_tim.o
 .debug_loc     0x00007091      0xd7f Drivers\STM32F4xx_HAL_Driver\Src\stm32f4xx_hal_tim_ex.o
 .debug_loc     0x00007e10     0x2b17 Middlewares\Third_Party\FreeRTOS\Source\CMSIS_RTOS_V2\cmsis_os2.o
 .debug_loc     0x0000a927       0x94 Middlewares\Third_Party\FreeRTOS\Source\list.o
 .debug_loc     0x0000a9bb       0xcf Middlewares\Third_Party\FreeRTOS\Source\portable\GCC\ARM_CM4F\port.o
 .debug_loc     0x0000aa8a      0x390 Middlewares\Third_Party\FreeRTOS\Source\portable\MemMang\heap_4.o
 .debug_loc     0x0000ae1a     0x13db Middlewares\Third_Party\FreeRTOS\Source\queue.o
 .debug_loc     0x0000c1f5     0x14bc Middlewares\Third_Party\FreeRTOS\Source\tasks.o
 .debug_loc     0x0000d6b1      0xa4c Middlewares\Third_Party\FreeRTOS\Source\timers.o
 .debug_loc     0x0000e0fd      0x335 Src\main.o
 .debug_loc     0x0000e432       0x8a Src\stm32f4xx_hal_msp.o
 .debug_loc     0x0000e4bc       0xa5 Src\stm32f4xx_hal_timebase_tim.o
 .debug_loc     0x0000e561      0x398 Src\syscalls.o
 .debug_loc     0x0000e8f9      0x11c Src\system_stm32f4xx.o

.debug_aranges  0x00000000     0x1130
 .debug_aranges
                0x00000000       0xe8 Drivers\STM32F4xx_HAL_Driver\Src\stm32f4xx_hal.o
 .debug_aranges
                0x000000e8       0xa8 Drivers\STM32F4xx_HAL_Driver\Src\stm32f4xx_hal_cortex.o
 .debug_aranges
                0x00000190       0x80 Drivers\STM32F4xx_HAL_Driver\Src\stm32f4xx_hal_dma.o
 .debug_aranges
                0x00000210       0x58 Drivers\STM32F4xx_HAL_Driver\Src\stm32f4xx_hal_gpio.o
 .debug_aranges
                0x00000268      0x1b0 Drivers\STM32F4xx_HAL_Driver\Src\stm32f4xx_hal_i2c.o
 .debug_aranges
                0x00000418       0x88 Drivers\STM32F4xx_HAL_Driver\Src\stm32f4xx_hal_rcc.o
 .debug_aranges
                0x000004a0      0x2a8 Drivers\STM32F4xx_HAL_Driver\Src\stm32f4xx_hal_tim.o
 .debug_aranges
                0x00000748      0x130 Drivers\STM32F4xx_HAL_Driver\Src\stm32f4xx_hal_tim_ex.o
 .debug_aranges
                0x00000878      0x218 Middlewares\Third_Party\FreeRTOS\Source\CMSIS_RTOS_V2\cmsis_os2.o
 .debug_aranges
                0x00000a90       0x40 Middlewares\Third_Party\FreeRTOS\Source\list.o
 .debug_aranges
                0x00000ad0       0x80 Middlewares\Third_Party\FreeRTOS\Source\portable\GCC\ARM_CM4F\port.o
 .debug_aranges
                0x00000b50       0x48 Middlewares\Third_Party\FreeRTOS\Source\portable\MemMang\heap_4.o
 .debug_aranges
                0x00000b98      0x118 Middlewares\Third_Party\FreeRTOS\Source\queue.o
 .debug_aranges
                0x00000cb0      0x1a0 Middlewares\Third_Party\FreeRTOS\Source\tasks.o
 .debug_aranges
                0x00000e50       0x90 Middlewares\Third_Party\FreeRTOS\Source\timers.o
 .debug_aranges
                0x00000ee0       0x88 Src\main.o
 .debug_aranges
                0x00000f68       0x30 Src\stm32f4xx_hal_msp.o
 .debug_aranges
                0x00000f98       0x30 Src\stm32f4xx_hal_timebase_tim.o
 .debug_aranges
                0x00000fc8       0x68 Src\stm32f4xx_it.o
 .debug_aranges
                0x00001030       0xb0 Src\syscalls.o
 .debug_aranges
                0x000010e0       0x28 Src\system_stm32f4xx.o
 .debug_aranges
                0x00001108       0x28 startup\startup_stm32f407xx.o

.debug_ranges   0x00000000     0x18f0
 .debug_ranges  0x00000000       0xd8 Drivers\STM32F4xx_HAL_Driver\Src\stm32f4xx_hal.o
 .debug_ranges  0x000000d8      0x110 Drivers\STM32F4xx_HAL_Driver\Src\stm32f4xx_hal_cortex.o
 .debug_ranges  0x000001e8       0xb0 Drivers\STM32F4xx_HAL_Driver\Src\stm32f4xx_hal_dma.o
 .debug_ranges  0x00000298       0x60 Drivers\STM32F4xx_HAL_Driver\Src\stm32f4xx_hal_gpio.o
 .debug_ranges  0x000002f8      0x400 Drivers\STM32F4xx_HAL_Driver\Src\stm32f4xx_hal_i2c.o
 .debug_ranges  0x000006f8       0xb8 Drivers\STM32F4xx_HAL_Driver\Src\stm32f4xx_hal_rcc.o
 .debug_ranges  0x000007b0      0x378 Drivers\STM32F4xx_HAL_Driver\Src\stm32f4xx_hal_tim.o
 .debug_ranges  0x00000b28      0x120 Drivers\STM32F4xx_HAL_Driver\Src\stm32f4xx_hal_tim_ex.o
 .debug_ranges  0x00000c48      0x208 Middlewares\Third_Party\FreeRTOS\Source\CMSIS_RTOS_V2\cmsis_os2.o
 .debug_ranges  0x00000e50       0x30 Middlewares\Third_Party\FreeRTOS\Source\list.o
 .debug_ranges  0x00000e80       0x70 Middlewares\Third_Party\FreeRTOS\Source\portable\GCC\ARM_CM4F\port.o
 .debug_ranges  0x00000ef0       0x38 Middlewares\Third_Party\FreeRTOS\Source\portable\MemMang\heap_4.o
 .debug_ranges  0x00000f28      0x248 Middlewares\Third_Party\FreeRTOS\Source\queue.o
 .debug_ranges  0x00001170      0x238 Middlewares\Third_Party\FreeRTOS\Source\tasks.o
 .debug_ranges  0x000013a8      0x150 Middlewares\Third_Party\FreeRTOS\Source\timers.o
 .debug_ranges  0x000014f8      0x180 Src\main.o
 .debug_ranges  0x00001678       0xe0 Src\stm32f4xx_hal_msp.o
 .debug_ranges  0x00001758       0x40 Src\stm32f4xx_hal_timebase_tim.o
 .debug_ranges  0x00001798       0x58 Src\stm32f4xx_it.o
 .debug_ranges  0x000017f0       0xc8 Src\syscalls.o
 .debug_ranges  0x000018b8       0x18 Src\system_stm32f4xx.o
 .debug_ranges  0x000018d0       0x20 startup\startup_stm32f407xx.o

.debug_line     0x00000000     0xc000
 .debug_line    0x00000000      0x44f Drivers\STM32F4xx_HAL_Driver\Src\stm32f4xx_hal.o
 .debug_line    0x0000044f      0x540 Drivers\STM32F4xx_HAL_Driver\Src\stm32f4xx_hal_cortex.o
 .debug_line    0x0000098f      0x6c1 Drivers\STM32F4xx_HAL_Driver\Src\stm32f4xx_hal_dma.o
 .debug_line    0x00001050      0x4ef Drivers\STM32F4xx_HAL_Driver\Src\stm32f4xx_hal_gpio.o
 .debug_line    0x0000153f     0x1d7d Drivers\STM32F4xx_HAL_Driver\Src\stm32f4xx_hal_i2c.o
 .debug_line    0x000032bc      0x5fc Drivers\STM32F4xx_HAL_Driver\Src\stm32f4xx_hal_rcc.o
 .debug_line    0x000038b8     0x2afa Drivers\STM32F4xx_HAL_Driver\Src\stm32f4xx_hal_tim.o
 .debug_line    0x000063b2      0xbfc Drivers\STM32F4xx_HAL_Driver\Src\stm32f4xx_hal_tim_ex.o
 .debug_line    0x00006fae     0x1434 Middlewares\Third_Party\FreeRTOS\Source\CMSIS_RTOS_V2\cmsis_os2.o
 .debug_line    0x000083e2      0x367 Middlewares\Third_Party\FreeRTOS\Source\list.o
 .debug_line    0x00008749      0x36b Middlewares\Third_Party\FreeRTOS\Source\portable\GCC\ARM_CM4F\port.o
 .debug_line    0x00008ab4      0x415 Middlewares\Third_Party\FreeRTOS\Source\portable\MemMang\heap_4.o
 .debug_line    0x00008ec9      0xa72 Middlewares\Third_Party\FreeRTOS\Source\queue.o
 .debug_line    0x0000993b      0xcb4 Middlewares\Third_Party\FreeRTOS\Source\tasks.o
 .debug_line    0x0000a5ef      0x5fa Middlewares\Third_Party\FreeRTOS\Source\timers.o
 .debug_line    0x0000abe9      0x533 Src\main.o
 .debug_line    0x0000b11c      0x2de Src\stm32f4xx_hal_msp.o
 .debug_line    0x0000b3fa      0x290 Src\stm32f4xx_hal_timebase_tim.o
 .debug_line    0x0000b68a      0x2bb Src\stm32f4xx_it.o
 .debug_line    0x0000b945      0x45e Src\syscalls.o
 .debug_line    0x0000bda3      0x1de Src\system_stm32f4xx.o
 .debug_line    0x0000bf81       0x7f startup\startup_stm32f407xx.o

.debug_str      0x00000000     0x700a
 .debug_str     0x00000000      0xb71 Drivers\STM32F4xx_HAL_Driver\Src\stm32f4xx_hal.o
                                0xbdf (size before relaxing)
 .debug_str     0x00000b71      0x4ac Drivers\STM32F4xx_HAL_Driver\Src\stm32f4xx_hal_cortex.o
                                0xcbe (size before relaxing)
 .debug_str     0x0000101d      0x51d Drivers\STM32F4xx_HAL_Driver\Src\stm32f4xx_hal_dma.o
                                0x7f6 (size before relaxing)
 .debug_str     0x0000153a      0x1cd Drivers\STM32F4xx_HAL_Driver\Src\stm32f4xx_hal_gpio.o
                                0x570 (size before relaxing)
 .debug_str     0x00001707      0xaff Drivers\STM32F4xx_HAL_Driver\Src\stm32f4xx_hal_i2c.o
                               0x107d (size before relaxing)
 .debug_str     0x00002206      0x2c9 Drivers\STM32F4xx_HAL_Driver\Src\stm32f4xx_hal_rcc.o
                                0x743 (size before relaxing)
 .debug_str     0x000024cf      0xfe9 Drivers\STM32F4xx_HAL_Driver\Src\stm32f4xx_hal_tim.o
                               0x154d (size before relaxing)
 .debug_str     0x000034b8      0x548 Drivers\STM32F4xx_HAL_Driver\Src\stm32f4xx_hal_tim_ex.o
                                0xd65 (size before relaxing)
 .debug_str     0x00003a00     0x1a08 Middlewares\Third_Party\FreeRTOS\Source\CMSIS_RTOS_V2\cmsis_os2.o
                               0x1cfd (size before relaxing)
 .debug_str     0x00005408      0x143 Middlewares\Third_Party\FreeRTOS\Source\list.o
                                0x76f (size before relaxing)
 .debug_str     0x0000554b      0x250 Middlewares\Third_Party\FreeRTOS\Source\portable\GCC\ARM_CM4F\port.o
                                0x4b5 (size before relaxing)
 .debug_str     0x0000579b      0x1e1 Middlewares\Third_Party\FreeRTOS\Source\portable\MemMang\heap_4.o
                                0x858 (size before relaxing)
 .debug_str     0x0000597c      0x55e Middlewares\Third_Party\FreeRTOS\Source\queue.o
                               0x1038 (size before relaxing)
 .debug_str     0x00005eda      0x73b Middlewares\Third_Party\FreeRTOS\Source\tasks.o
                               0x1461 (size before relaxing)
 .debug_str     0x00006615      0x3eb Middlewares\Third_Party\FreeRTOS\Source\timers.o
                                0xf48 (size before relaxing)
 .debug_str     0x00006a00      0x1df Src\main.o
                               0x14fe (size before relaxing)
 .debug_str     0x00006bdf       0x1b Src\stm32f4xx_hal_msp.o
                                0xe3b (size before relaxing)
 .debug_str     0x00006bfa       0x50 Src\stm32f4xx_hal_timebase_tim.o
                                0xdcd (size before relaxing)
 .debug_str     0x00006c4a       0xe0 Src\stm32f4xx_it.o
                                0xa1c (size before relaxing)
 .debug_str     0x00006d2a      0x29b Src\syscalls.o
                                0x99b (size before relaxing)
 .debug_str     0x00006fc5       0x45 Src\system_stm32f4xx.o
                                0x3c6 (size before relaxing)

.comment        0x00000000       0x7c
 .comment       0x00000000       0x7c Drivers\STM32F4xx_HAL_Driver\Src\stm32f4xx_hal.o
                                 0x7d (size before relaxing)
 .comment       0x0000007c       0x7d Drivers\STM32F4xx_HAL_Driver\Src\stm32f4xx_hal_cortex.o
 .comment       0x0000007c       0x7d Drivers\STM32F4xx_HAL_Driver\Src\stm32f4xx_hal_dma.o
 .comment       0x0000007c       0x7d Drivers\STM32F4xx_HAL_Driver\Src\stm32f4xx_hal_gpio.o
 .comment       0x0000007c       0x7d Drivers\STM32F4xx_HAL_Driver\Src\stm32f4xx_hal_i2c.o
 .comment       0x0000007c       0x7d Drivers\STM32F4xx_HAL_Driver\Src\stm32f4xx_hal_rcc.o
 .comment       0x0000007c       0x7d Drivers\STM32F4xx_HAL_Driver\Src\stm32f4xx_hal_tim.o
 .comment       0x0000007c       0x7d Drivers\STM32F4xx_HAL_Driver\Src\stm32f4xx_hal_tim_ex.o
 .comment       0x0000007c       0x7d Middlewares\Third_Party\FreeRTOS\Source\CMSIS_RTOS_V2\cmsis_os2.o
 .comment       0x0000007c       0x7d Middlewares\Third_Party\FreeRTOS\Source\list.o
 .comment       0x0000007c       0x7d Middlewares\Third_Party\FreeRTOS\Source\portable\GCC\ARM_CM4F\port.o
 .comment       0x0000007c       0x7d Middlewares\Third_Party\FreeRTOS\Source\portable\MemMang\heap_4.o
 .comment       0x0000007c       0x7d Middlewares\Third_Party\FreeRTOS\Source\queue.o
 .comment       0x0000007c       0x7d Middlewares\Third_Party\FreeRTOS\Source\tasks.o
 .comment       0x0000007c       0x7d Middlewares\Third_Party\FreeRTOS\Source\timers.o
 .comment       0x0000007c       0x7d Src\main.o
 .comment       0x0000007c       0x7d Src\stm32f4xx_hal_msp.o
 .comment       0x0000007c       0x7d Src\stm32f4xx_hal_timebase_tim.o
 .comment       0x0000007c       0x7d Src\stm32f4xx_it.o
 .comment       0x0000007c       0x7d Src\syscalls.o
 .comment       0x0000007c       0x7d Src\system_stm32f4xx.o

.debug_frame    0x00000000     0x3ec0
 .debug_frame   0x00000000      0x1f0 Drivers\STM32F4xx_HAL_Driver\Src\stm32f4xx_hal.o
 .debug_frame   0x000001f0      0x180 Drivers\STM32F4xx_HAL_Driver\Src\stm32f4xx_hal_cortex.o