iic_func.c:16:6:rst_LCD	0	static
iic_func.c:179:9:ReadBusyFlagAndAddress	32	static
iic_func.c:257:6:I2C_Scan	16	static
iic_func.c:353:9:revert	0	static
iic_func.c:370:8:error_HAL	0	static
iic_func.c:89:19:LCD_SendInternal	40	static
iic_func.c:222:19:LCD_SendCommand	16	static
iic_func.c:237:6:LCD_SendData	8	static
iic_func.c:245:6:LCD_SendString	8	static
iic_func.c:164:19:LCDI2C_write4bits	40	static
iic_func.c:383:6:Display_ON	8	static
iic_func.c:394:6:Function_Set_On	0	static
iic_func.c:407:6:Contrast_set	0	static
iic_func.c:420:6:Internal_OSC_Frequency	0	static
iic_func.c:432:6:Power_ICON_Contrast	0	static
iic_func.c:443:6:Follower_control	0	static
iic_func.c:453:6:Return_Home	0	static
iic_func.c:29:6:LCD_Init	8	static
